<results>
      <span
           class="af_selectInputColor"
          >
        
        <input
             class="af_selectInputColor_content"
             id="mainId"
             name="mainId"
             onblur="_fixCFF(this);_cfsw(this);"
             size="11"
             type="text"
            >
          
        </input>
        <img
             height="1"
             src="/test-context-path/adf/images/t.gif"
             width="8"
            >
          
        </img>
        <a
             href="#"
             onclick="_lcp('formId','mainId'); return false"
            >
          
          <img
               align="absmiddle"
               class="p_OraColorFieldSwatch"
               height="15"
               id="mainId$sw"
               src="/test-context-path/adf/images/t.gif"
               title="Select to access color picker"
               width="15"
              >
            
          </img>
          <img
               align="middle"
               alt=""
               border="0"
               class="af_selectInputColor_swatch-overlay"
               height="12"
               src="/test-context-path/adf/images/cfso.gif"
               width="12"
              >
            
          </img>
        </a>
      </span>
<!--AttributeTest[chooseId,null]-->

      <span
           class="af_selectInputColor"
          >
        
        <input
             class="af_selectInputColor_content"
             id="mainId"
             name="mainId"
             onblur="_fixCFF(this);_cfsw(this);"
             onfocus="_cfBus['test-chooseId']=this;"
             size="11"
             type="text"
            >
          
        </input>
        <img
             height="1"
             src="/test-context-path/adf/images/t.gif"
             width="8"
            >
          
        </img>
        <img
             align="absmiddle"
             alt=""
             class="p_OraColorFieldSwatch"
             height="15"
             id="mainId$sw"
             src="/test-context-path/adf/images/t.gif"
             width="15"
            >
          
        </img>
      </span>
      <script
          >
        _cfBus['test-chooseId']=document.forms['formId']['mainId'];
      </script>
<!--AttributeTest[compact,false]-->

      <span
           class="af_selectInputColor"
          >
        
        <input
             class="af_selectInputColor_content"
             id="mainId"
             name="mainId"
             onblur="_fixCFF(this);_cfsw(this);"
             size="11"
             type="text"
            >
          
        </input>
        <img
             height="1"
             src="/test-context-path/adf/images/t.gif"
             width="8"
            >
          
        </img>
        <a
             href="#"
             onclick="_lcp('formId','mainId'); return false"
            >
          
          <img
               align="absmiddle"
               class="p_OraColorFieldSwatch"
               height="15"
               id="mainId$sw"
               src="/test-context-path/adf/images/t.gif"
               title="Select to access color picker"
               width="15"
              >
            
          </img>
          <img
               align="middle"
               alt=""
               border="0"
               class="af_selectInputColor_swatch-overlay"
               height="12"
               src="/test-context-path/adf/images/cfso.gif"
               width="12"
              >
            
          </img>
        </a>
      </span>
<!--AttributeTest[compact,true]-->

      <span
           class="af_selectInputColor"
          >
        
        <input
             id="mainId"
             name="mainId"
             type="hidden"
            >
          
        </input>
        <a
             href="#"
             onclick="_lcp('formId','mainId'); return false"
            >
          
          <img
               align="absmiddle"
               class="p_OraColorFieldSwatch"
               height="15"
               id="mainId$sw"
               src="/test-context-path/adf/images/t.gif"
               title="Select to access color picker"
               width="15"
              >
            
          </img>
          <img
               align="middle"
               alt=""
               border="0"
               class="af_selectInputColor_swatch-overlay"
               height="12"
               src="/test-context-path/adf/images/cfso.gif"
               width="12"
              >
            
          </img>
        </a>
      </span>
<!--AttributeTest[disabled,false]-->

      <span
           class="af_selectInputColor"
          >
        
        <input
             class="af_selectInputColor_content"
             id="mainId"
             name="mainId"
             onblur="_fixCFF(this);_cfsw(this);"
             size="11"
             type="text"
            >
          
        </input>
        <img
             height="1"
             src="/test-context-path/adf/images/t.gif"
             width="8"
            >
          
        </img>
        <a
             href="#"
             onclick="_lcp('formId','mainId'); return false"
            >
          
          <img
               align="absmiddle"
               class="p_OraColorFieldSwatch"
               height="15"
               id="mainId$sw"
               src="/test-context-path/adf/images/t.gif"
               title="Select to access color picker"
               width="15"
              >
            
          </img>
          <img
               align="middle"
               alt=""
               border="0"
               class="af_selectInputColor_swatch-overlay"
               height="12"
               src="/test-context-path/adf/images/cfso.gif"
               width="12"
              >
            
          </img>
        </a>
      </span>
<!--AttributeTest[disabled,true]-->

      <span
           class="af_selectInputColor p_AFDisabled"
          >
        
        <input
             class="af_selectInputColor_content"
             disabled="disabled"
             id="mainId"
             name="mainId"
             onblur="_fixCFF(this);_cfsw(this);"
             size="11"
             type="text"
            >
          
        </input>
        <img
             height="1"
             src="/test-context-path/adf/images/t.gif"
             width="8"
            >
          
        </img>
        <img
             align="absmiddle"
             alt=""
             class="p_OraColorFieldSwatch"
             height="15"
             id="mainId$sw"
             src="/test-context-path/adf/images/t.gif"
             width="15"
            >
          
        </img>
      </span>
<!--AttributeTest[label,null]-->

      <span
           class="af_selectInputColor"
          >
        
        <input
             class="af_selectInputColor_content"
             id="mainId"
             name="mainId"
             onblur="_fixCFF(this);_cfsw(this);"
             size="11"
             type="text"
            >
          
        </input>
        <img
             height="1"
             src="/test-context-path/adf/images/t.gif"
             width="8"
            >
          
        </img>
        <a
             href="#"
             onclick="_lcp('formId','mainId'); return false"
            >
          
          <img
               align="absmiddle"
               class="p_OraColorFieldSwatch"
               height="15"
               id="mainId$sw"
               src="/test-context-path/adf/images/t.gif"
               title="Select to access color picker"
               width="15"
              >
            
          </img>
          <img
               align="middle"
               alt=""
               border="0"
               class="af_selectInputColor_swatch-overlay"
               height="12"
               src="/test-context-path/adf/images/cfso.gif"
               width="12"
              >
            
          </img>
        </a>
      </span>
<!--AttributeTest[readOnly,false]-->

      <span
           class="af_selectInputColor"
          >
        
        <input
             class="af_selectInputColor_content"
             id="mainId"
             name="mainId"
             onblur="_fixCFF(this);_cfsw(this);"
             size="11"
             type="text"
            >
          
        </input>
        <img
             height="1"
             src="/test-context-path/adf/images/t.gif"
             width="8"
            >
          
        </img>
        <a
             href="#"
             onclick="_lcp('formId','mainId'); return false"
            >
          
          <img
               align="absmiddle"
               class="p_OraColorFieldSwatch"
               height="15"
               id="mainId$sw"
               src="/test-context-path/adf/images/t.gif"
               title="Select to access color picker"
               width="15"
              >
            
          </img>
          <img
               align="middle"
               alt=""
               border="0"
               class="af_selectInputColor_swatch-overlay"
               height="12"
               src="/test-context-path/adf/images/cfso.gif"
               width="12"
              >
            
          </img>
        </a>
      </span>
<!--AttributeTest[readOnly,true]-->

      <span
           class="af_selectInputColor p_AFReadOnly"
          >
        
        <div
             class="af_selectInputColor_content"
             id="mainId"
            >
          
          <img
               height="1"
               src="/test-context-path/adf/images/t.gif"
               width="8"
              >
            
          </img>
          <img
               align="absmiddle"
               alt=""
               class="p_OraColorFieldSwatch"
               height="15"
               id="mainId$sw"
               src="/test-context-path/adf/images/t.gif"
               width="15"
              >
            
          </img>
        </div>
      </span>
<!--AttributeTest[id,null]-->

      <span
           class="af_selectInputColor"
          >
        
        <input
             class="af_selectInputColor_content"
             id="test-id"
             name="test-id"
             onblur="_fixCFF(this);_cfsw(this);"
             size="11"
             type="text"
            >
          
        </input>
        <img
             height="1"
             src="/test-context-path/adf/images/t.gif"
             width="8"
            >
          
        </img>
        <a
             href="#"
             onclick="_lcp('formId','test-id'); return false"
            >
          
          <img
               align="absmiddle"
               class="p_OraColorFieldSwatch"
               height="15"
               id="test-id$sw"
               src="/test-context-path/adf/images/t.gif"
               title="Select to access color picker"
               width="15"
              >
            
          </img>
          <img
               align="middle"
               alt=""
               border="0"
               class="af_selectInputColor_swatch-overlay"
               height="12"
               src="/test-context-path/adf/images/cfso.gif"
               width="12"
              >
            
          </img>
        </a>
      </span>
<!--AttributeTest[inlineStyle,background-color:red]-->

      <span
           class="af_selectInputColor"
           style="background-color:red"
          >
        
        <input
             class="af_selectInputColor_content"
             id="mainId"
             name="mainId"
             onblur="_fixCFF(this);_cfsw(this);"
             size="11"
             type="text"
            >
          
        </input>
        <img
             height="1"
             src="/test-context-path/adf/images/t.gif"
             width="8"
            >
          
        </img>
        <a
             href="#"
             onclick="_lcp('formId','mainId'); return false"
            >
          
          <img
               align="absmiddle"
               class="p_OraColorFieldSwatch"
               height="15"
               id="mainId$sw"
               src="/test-context-path/adf/images/t.gif"
               title="Select to access color picker"
               width="15"
              >
            
          </img>
          <img
               align="middle"
               alt=""
               border="0"
               class="af_selectInputColor_swatch-overlay"
               height="12"
               src="/test-context-path/adf/images/cfso.gif"
               width="12"
              >
            
          </img>
        </a>
      </span>
<!--AttributeTest[shortDesc,null]-->

      <span
           class="af_selectInputColor"
          >
        
        <input
             class="af_selectInputColor_content"
             id="mainId"
             name="mainId"
             onblur="_fixCFF(this);_cfsw(this);"
             size="11"
             title="test-shortDesc"
             type="text"
            >
          
        </input>
        <img
             height="1"
             src="/test-context-path/adf/images/t.gif"
             width="8"
            >
          
        </img>
        <a
             href="#"
             onclick="_lcp('formId','mainId'); return false"
            >
          
          <img
               align="absmiddle"
               class="p_OraColorFieldSwatch"
               height="15"
               id="mainId$sw"
               src="/test-context-path/adf/images/t.gif"
               title="Select to access color picker"
               width="15"
              >
            
          </img>
          <img
               align="middle"
               alt=""
               border="0"
               class="af_selectInputColor_swatch-overlay"
               height="12"
               src="/test-context-path/adf/images/cfso.gif"
               width="12"
              >
            
          </img>
        </a>
      </span>
<!--AttributeTest[onblur,null]-->

      <span
           class="af_selectInputColor"
          >
        
        <input
             class="af_selectInputColor_content"
             id="mainId"
             name="mainId"
             onblur="return _chain('_fixCFF(this);_cfsw(this);','test-onblur',this,event)"
             size="11"
             type="text"
            >
          
        </input>
        <img
             height="1"
             src="/test-context-path/adf/images/t.gif"
             width="8"
            >
          
        </img>
        <a
             href="#"
             onclick="_lcp('formId','mainId'); return false"
            >
          
          <img
               align="absmiddle"
               class="p_OraColorFieldSwatch"
               height="15"
               id="mainId$sw"
               src="/test-context-path/adf/images/t.gif"
               title="Select to access color picker"
               width="15"
              >
            
          </img>
          <img
               align="middle"
               alt=""
               border="0"
               class="af_selectInputColor_swatch-overlay"
               height="12"
               src="/test-context-path/adf/images/cfso.gif"
               width="12"
              >
            
          </img>
        </a>
      </span>
<!--AttributeTest[ondblclick,null]-->

      <span
           class="af_selectInputColor"
          >
        
        <input
             class="af_selectInputColor_content"
             id="mainId"
             name="mainId"
             onblur="_fixCFF(this);_cfsw(this);"
             ondblclick="test-ondblclick"
             size="11"
             type="text"
            >
          
        </input>
        <img
             height="1"
             src="/test-context-path/adf/images/t.gif"
             width="8"
            >
          
        </img>
        <a
             href="#"
             onclick="_lcp('formId','mainId'); return false"
            >
          
          <img
               align="absmiddle"
               class="p_OraColorFieldSwatch"
               height="15"
               id="mainId$sw"
               src="/test-context-path/adf/images/t.gif"
               title="Select to access color picker"
               width="15"
              >
            
          </img>
          <img
               align="middle"
               alt=""
               border="0"
               class="af_selectInputColor_swatch-overlay"
               height="12"
               src="/test-context-path/adf/images/cfso.gif"
               width="12"
              >
            
          </img>
        </a>
      </span>
<!--AttributeTest[onkeydown,null]-->

      <span
           class="af_selectInputColor"
          >
        
        <input
             class="af_selectInputColor_content"
             id="mainId"
             name="mainId"
             onblur="_fixCFF(this);_cfsw(this);"
             onkeydown="test-onkeydown"
             size="11"
             type="text"
            >
          
        </input>
        <img
             height="1"
             src="/test-context-path/adf/images/t.gif"
             width="8"
            >
          
        </img>
        <a
             href="#"
             onclick="_lcp('formId','mainId'); return false"
            >
          
          <img
               align="absmiddle"
               class="p_OraColorFieldSwatch"
               height="15"
               id="mainId$sw"
               src="/test-context-path/adf/images/t.gif"
               title="Select to access color picker"
               width="15"
              >
            
          </img>
          <img
               align="middle"
               alt=""
               border="0"
               class="af_selectInputColor_swatch-overlay"
               height="12"
               src="/test-context-path/adf/images/cfso.gif"
               width="12"
              >
            
          </img>
        </a>
      </span>
<!--AttributeTest[onkeypress,null]-->

      <span
           class="af_selectInputColor"
          >
        
        <input
             class="af_selectInputColor_content"
             id="mainId"
             name="mainId"
             onblur="_fixCFF(this);_cfsw(this);"
             onkeypress="test-onkeypress"
             size="11"
             type="text"
            >
          
        </input>
        <img
             height="1"
             src="/test-context-path/adf/images/t.gif"
             width="8"
            >
          
        </img>
        <a
             href="#"
             onclick="_lcp('formId','mainId'); return false"
            >
          
          <img
               align="absmiddle"
               class="p_OraColorFieldSwatch"
               height="15"
               id="mainId$sw"
               src="/test-context-path/adf/images/t.gif"
               title="Select to access color picker"
               width="15"
              >
            
          </img>
          <img
               align="middle"
               alt=""
               border="0"
               class="af_selectInputColor_swatch-overlay"
               height="12"
               src="/test-context-path/adf/images/cfso.gif"
               width="12"
              >
            
          </img>
        </a>
      </span>
<!--AttributeTest[onmousedown,null]-->

      <span
           class="af_selectInputColor"
          >
        
        <input
             class="af_selectInputColor_content"
             id="mainId"
             name="mainId"
             onblur="_fixCFF(this);_cfsw(this);"
             onmousedown="test-onmousedown"
             size="11"
             type="text"
            >
          
        </input>
        <img
             height="1"
             src="/test-context-path/adf/images/t.gif"
             width="8"
            >
          
        </img>
        <a
             href="#"
             onclick="_lcp('formId','mainId'); return false"
            >
          
          <img
               align="absmiddle"
               class="p_OraColorFieldSwatch"
               height="15"
               id="mainId$sw"
               src="/test-context-path/adf/images/t.gif"
               title="Select to access color picker"
               width="15"
              >
            
          </img>
          <img
               align="middle"
               alt=""
               border="0"
               class="af_selectInputColor_swatch-overlay"
               height="12"
               src="/test-context-path/adf/images/cfso.gif"
               width="12"
              >
            
          </img>
        </a>
      </span>
<!--AttributeTest[onmousemove,null]-->

      <span
           class="af_selectInputColor"
          >
        
        <input
             class="af_selectInputColor_content"
             id="mainId"
             name="mainId"
             onblur="_fixCFF(this);_cfsw(this);"
             onmousemove="test-onmousemove"
             size="11"
             type="text"
            >
          
        </input>
        <img
             height="1"
             src="/test-context-path/adf/images/t.gif"
             width="8"
            >
          
        </img>
        <a
             href="#"
             onclick="_lcp('formId','mainId'); return false"
            >
          
          <img
               align="absmiddle"
               class="p_OraColorFieldSwatch"
               height="15"
               id="mainId$sw"
               src="/test-context-path/adf/images/t.gif"
               title="Select to access color picker"
               width="15"
              >
            
          </img>
          <img
               align="middle"
               alt=""
               border="0"
               class="af_selectInputColor_swatch-overlay"
               height="12"
               src="/test-context-path/adf/images/cfso.gif"
               width="12"
              >
            
          </img>
        </a>
      </span>
<!--AttributeTest[onmouseout,null]-->

      <span
           class="af_selectInputColor"
          >
        
        <input
             class="af_selectInputColor_content"
             id="mainId"
             name="mainId"
             onblur="_fixCFF(this);_cfsw(this);"
             onmouseout="test-onmouseout"
             size="11"
             type="text"
            >
          
        </input>
        <img
             height="1"
             src="/test-context-path/adf/images/t.gif"
             width="8"
            >
          
        </img>
        <a
             href="#"
             onclick="_lcp('formId','mainId'); return false"
            >
          
          <img
               align="absmiddle"
               class="p_OraColorFieldSwatch"
               height="15"
               id="mainId$sw"
               src="/test-context-path/adf/images/t.gif"
               title="Select to access color picker"
               width="15"
              >
            
          </img>
          <img
               align="middle"
               alt=""
               border="0"
               class="af_selectInputColor_swatch-overlay"
               height="12"
               src="/test-context-path/adf/images/cfso.gif"
               width="12"
              >
            
          </img>
        </a>
      </span>
<!--AttributeTest[onmouseover,null]-->

      <span
           class="af_selectInputColor"
          >
        
        <input
             class="af_selectInputColor_content"
             id="mainId"
             name="mainId"
             onblur="_fixCFF(this);_cfsw(this);"
             onmouseover="test-onmouseover"
             size="11"
             type="text"
            >
          
        </input>
        <img
             height="1"
             src="/test-context-path/adf/images/t.gif"
             width="8"
            >
          
        </img>
        <a
             href="#"
             onclick="_lcp('formId','mainId'); return false"
            >
          
          <img
               align="absmiddle"
               class="p_OraColorFieldSwatch"
               height="15"
               id="mainId$sw"
               src="/test-context-path/adf/images/t.gif"
               title="Select to access color picker"
               width="15"
              >
            
          </img>
          <img
               align="middle"
               alt=""
               border="0"
               class="af_selectInputColor_swatch-overlay"
               height="12"
               src="/test-context-path/adf/images/cfso.gif"
               width="12"
              >
            
          </img>
        </a>
      </span>
<!--AttributeTest[onmouseup,null]-->

      <span
           class="af_selectInputColor"
          >
        
        <input
             class="af_selectInputColor_content"
             id="mainId"
             name="mainId"
             onblur="_fixCFF(this);_cfsw(this);"
             onmouseup="test-onmouseup"
             size="11"
             type="text"
            >
          
        </input>
        <img
             height="1"
             src="/test-context-path/adf/images/t.gif"
             width="8"
            >
          
        </img>
        <a
             href="#"
             onclick="_lcp('formId','mainId'); return false"
            >
          
          <img
               align="absmiddle"
               class="p_OraColorFieldSwatch"
               height="15"
               id="mainId$sw"
               src="/test-context-path/adf/images/t.gif"
               title="Select to access color picker"
               width="15"
              >
            
          </img>
          <img
               align="middle"
               alt=""
               border="0"
               class="af_selectInputColor_swatch-overlay"
               height="12"
               src="/test-context-path/adf/images/cfso.gif"
               width="12"
              >
            
          </img>
        </a>
      </span>
</results>
