<results>
      <span
           class="OraInlineInfoText"
           id="mainId"
          >
        help text
      </span>
</results>
