<results>
      <a
           id="mainId"
           href="uri-attr:/test-context-path/components/images/seattle.wmv"
          >
        
      </a>
<!--AttributeTest[autostart,false]-->

      <a
           id="mainId"
           href="uri-attr:/test-context-path/components/images/seattle.wmv"
          >
        
      </a>
<!--AttributeTest[autostart,true]-->

      <a
           id="mainId"
           href="uri-attr:/test-context-path/components/images/seattle.wmv"
          >
        
      </a>
<!--AttributeTest[contentType,null]-->

      <a
           id="mainId"
           type="test-contentType"
           href="uri-attr:/test-context-path/components/images/seattle.wmv"
          >
        
      </a>
<!--AttributeTest[controls,none]-->

      <a
           id="mainId"
           href="uri-attr:/test-context-path/components/images/seattle.wmv"
          >
        
      </a>
<!--AttributeTest[controls,noneVisible]-->

      <a
           id="mainId"
           href="uri-attr:/test-context-path/components/images/seattle.wmv"
          >
        
      </a>
<!--AttributeTest[controls,minimal]-->

      <a
           id="mainId"
           href="uri-attr:/test-context-path/components/images/seattle.wmv"
          >
        
      </a>
<!--AttributeTest[controls,typical]-->

      <a
           id="mainId"
           href="uri-attr:/test-context-path/components/images/seattle.wmv"
          >
        
      </a>
<!--AttributeTest[controls,all]-->

      <a
           id="mainId"
           href="uri-attr:/test-context-path/components/images/seattle.wmv"
          >
        
      </a>
<!--AttributeTest[innerWidth,160,AttributeTest[width,190]]-->

      <a
           id="mainId"
           href="uri-attr:/test-context-path/components/images/seattle.wmv"
          >
        
      </a>
<!--AttributeTest[innerHeight,112,AttributeTest[height,130]]-->

      <a
           id="mainId"
           href="uri-attr:/test-context-path/components/images/seattle.wmv"
          >
        
      </a>
<!--AttributeTest[width,160]-->

      <a
           id="mainId"
           href="uri-attr:/test-context-path/components/images/seattle.wmv"
          >
        
      </a>
<!--AttributeTest[height,112]-->

      <a
           id="mainId"
           href="uri-attr:/test-context-path/components/images/seattle.wmv"
          >
        
      </a>
<!--AttributeTest[player,real]-->

      <a
           id="mainId"
           href="uri-attr:/test-context-path/components/images/seattle.wmv"
          >
        
      </a>
<!--AttributeTest[id,null]-->

      <a
           id="test-id"
           href="uri-attr:/test-context-path/components/images/seattle.wmv"
          >
        
      </a>
<!--AttributeTest[rendered,false]-->

<!--AttributeTest[rendered,true]-->

      <a
           id="mainId"
           href="uri-attr:/test-context-path/components/images/seattle.wmv"
          >
        
      </a>
<!--AttributeTest[shortDesc,null]-->

      <a
           id="mainId"
           href="uri-attr:/test-context-path/components/images/seattle.wmv"
          >
        test-shortDesc
      </a>
<!--AttributeTest[onclick,null]-->

      <a
           id="mainId"
           href="uri-attr:/test-context-path/components/images/seattle.wmv"
          >
        
      </a>
<!--AttributeTest[ondblclick,null]-->

      <a
           id="mainId"
           href="uri-attr:/test-context-path/components/images/seattle.wmv"
          >
        
      </a>
<!--AttributeTest[onkeydown,null]-->

      <a
           id="mainId"
           href="uri-attr:/test-context-path/components/images/seattle.wmv"
          >
        
      </a>
<!--AttributeTest[onkeypress,null]-->

      <a
           id="mainId"
           href="uri-attr:/test-context-path/components/images/seattle.wmv"
          >
        
      </a>
<!--AttributeTest[onkeyup,null]-->

      <a
           id="mainId"
           href="uri-attr:/test-context-path/components/images/seattle.wmv"
          >
        
      </a>
<!--AttributeTest[onmousedown,null]-->

      <a
           id="mainId"
           href="uri-attr:/test-context-path/components/images/seattle.wmv"
          >
        
      </a>
<!--AttributeTest[onmousemove,null]-->

      <a
           id="mainId"
           href="uri-attr:/test-context-path/components/images/seattle.wmv"
          >
        
      </a>
<!--AttributeTest[onmouseout,null]-->

      <a
           id="mainId"
           href="uri-attr:/test-context-path/components/images/seattle.wmv"
          >
        
      </a>
<!--AttributeTest[onmouseover,null]-->

      <a
           id="mainId"
           href="uri-attr:/test-context-path/components/images/seattle.wmv"
          >
        
      </a>
<!--AttributeTest[onmouseup,null]-->

      <a
           id="mainId"
           href="uri-attr:/test-context-path/components/images/seattle.wmv"
          >
        
      </a>
</results>
