<results>
      <a
           class="af_goButton"
           href="uri-attr:encoded-action-url:http://www.oracle.com"
           id="uri-attr:mainId"
           name="uri-attr:mainId"
          >
        ButtonText
      </a>
<!--AttributeTest[accessKey,u]-->

      <a
           class="af_goButton"
           href="uri-attr:encoded-action-url:http://www.oracle.com"
           id="uri-attr:mainId"
           name="uri-attr:mainId"
          >
        ButtonText
      </a>
<!--AttributeTest[disabled,false]-->

      <a
           class="af_goButton"
           href="uri-attr:encoded-action-url:http://www.oracle.com"
           id="uri-attr:mainId"
           name="uri-attr:mainId"
          >
        ButtonText
      </a>
<!--AttributeTest[disabled,true]-->

      <a
           class="af_goButton p_AFDisabled"
           href="uri-attr:encoded-action-url:http://www.oracle.com"
           id="uri-attr:mainId"
           name="uri-attr:mainId"
          >
        ButtonText
      </a>
<!--AttributeTest[longDesc,my long desc]-->

      <a
           class="af_goButton"
           href="uri-attr:encoded-action-url:http://www.oracle.com"
           id="uri-attr:mainId"
           name="uri-attr:mainId"
          >
        ButtonText
      </a>
<!--AttributeTest[targetFrame,mytarget]-->

      <a
           class="af_goButton"
           href="uri-attr:encoded-action-url:http://www.oracle.com"
           id="uri-attr:mainId"
           name="uri-attr:mainId"
          >
        ButtonText
      </a>
<!--AttributeTest[textAndAccessKey,B&uttonText]-->

      <a
           class="af_goButton"
           href="uri-attr:encoded-action-url:http://www.oracle.com"
           id="uri-attr:mainId"
           name="uri-attr:mainId"
          >
        ButtonText
      </a>
<!--AttributeTest[id,myid]-->

      <a
           class="af_goButton"
           href="uri-attr:encoded-action-url:http://www.oracle.com"
           id="uri-attr:myid"
           name="uri-attr:myid"
          >
        ButtonText
      </a>
<!--AttributeTest[shortDesc,my button]-->

      <a
           class="af_goButton"
           title="my button"
           href="uri-attr:encoded-action-url:http://www.oracle.com"
           id="uri-attr:mainId"
           name="uri-attr:mainId"
          >
        ButtonText
      </a>
<!--AttributeTest[styleClass,mystyle]-->

      <a
           class="mystyle af_goButton"
           href="uri-attr:encoded-action-url:http://www.oracle.com"
           id="uri-attr:mainId"
           name="uri-attr:mainId"
          >
        ButtonText
      </a>
<!--AttributeTest[onblur,null]-->

      <a
           class="af_goButton"
           onblur="test-onblur"
           href="uri-attr:encoded-action-url:http://www.oracle.com"
           id="uri-attr:mainId"
           name="uri-attr:mainId"
          >
        ButtonText
      </a>
<!--AttributeTest[onclick,null]-->

      <a
           class="af_goButton"
           href="uri-attr:encoded-action-url:http://www.oracle.com"
           id="uri-attr:mainId"
           name="uri-attr:mainId"
          >
        ButtonText
      </a>
<!--AttributeTest[ondblclick,null]-->

      <a
           class="af_goButton"
           ondblclick="test-ondblclick"
           href="uri-attr:encoded-action-url:http://www.oracle.com"
           id="uri-attr:mainId"
           name="uri-attr:mainId"
          >
        ButtonText
      </a>
<!--AttributeTest[onfocus,null]-->

      <a
           class="af_goButton"
           onfocus="test-onfocus"
           href="uri-attr:encoded-action-url:http://www.oracle.com"
           id="uri-attr:mainId"
           name="uri-attr:mainId"
          >
        ButtonText
      </a>
<!--AttributeTest[onkeydown,null]-->

      <a
           class="af_goButton"
           onkeydown="test-onkeydown"
           href="uri-attr:encoded-action-url:http://www.oracle.com"
           id="uri-attr:mainId"
           name="uri-attr:mainId"
          >
        ButtonText
      </a>
<!--AttributeTest[onkeypress,null]-->

      <a
           class="af_goButton"
           onkeypress="test-onkeypress"
           href="uri-attr:encoded-action-url:http://www.oracle.com"
           id="uri-attr:mainId"
           name="uri-attr:mainId"
          >
        ButtonText
      </a>
<!--AttributeTest[onkeyup,null]-->

      <a
           class="af_goButton"
           onkeyup="test-onkeyup"
           href="uri-attr:encoded-action-url:http://www.oracle.com"
           id="uri-attr:mainId"
           name="uri-attr:mainId"
          >
        ButtonText
      </a>
<!--AttributeTest[onmousedown,null]-->

      <a
           class="af_goButton"
           onmousedown="test-onmousedown"
           href="uri-attr:encoded-action-url:http://www.oracle.com"
           id="uri-attr:mainId"
           name="uri-attr:mainId"
          >
        ButtonText
      </a>
<!--AttributeTest[onmousemove,null]-->

      <a
           class="af_goButton"
           onmousemove="test-onmousemove"
           href="uri-attr:encoded-action-url:http://www.oracle.com"
           id="uri-attr:mainId"
           name="uri-attr:mainId"
          >
        ButtonText
      </a>
<!--AttributeTest[onmouseout,null]-->

      <a
           class="af_goButton"
           onmouseout="test-onmouseout"
           href="uri-attr:encoded-action-url:http://www.oracle.com"
           id="uri-attr:mainId"
           name="uri-attr:mainId"
          >
        ButtonText
      </a>
<!--AttributeTest[onmouseover,null]-->

      <a
           class="af_goButton"
           onmouseover="test-onmouseover"
           href="uri-attr:encoded-action-url:http://www.oracle.com"
           id="uri-attr:mainId"
           name="uri-attr:mainId"
          >
        ButtonText
      </a>
<!--AttributeTest[onmouseup,null]-->

      <a
           class="af_goButton"
           onmouseup="test-onmouseup"
           href="uri-attr:encoded-action-url:http://www.oracle.com"
           id="uri-attr:mainId"
           name="uri-attr:mainId"
          >
        ButtonText
      </a>
</results>
