<results>
      <table
           border="0"
           cellpadding="0"
           cellspacing="0"
           id="mainId"
           summary=""
          >
        
        <tr
            >
          
          <td
               nowrap="nowrap"
              >
            
          </td>
          <td
              >
            
            <img
                 alt=""
                 height="1"
                 width="5"
                 src="uri-attr:encoded-resource-url:/test-context-path/adf/images/t.gif"
                >
              
            </img>
          </td>
          <td
              >
            
            <button
                 accesskey="x"
                 class="OraLink"
                 onclick="_navBarSubmit('formId','goto','mainId',1,'2');return false"
                 type="button"
                >
              Ne
              <span
                   class="AFAccessKeyStyle"
                  >
                x
              </span>t
            </button>
          </td>
        </tr>
      </table>
<!--AttributeTest[maxStep,10]-->

      <table
           border="0"
           cellpadding="0"
           cellspacing="0"
           id="mainId"
           summary=""
          >
        
        <tr
            >
          
          <td
               nowrap="nowrap"
              >
            
            <span
                 class="OraNavBarViewOnly"
                >
              Step 1 of 10
            </span>
          </td>
          <td
              >
            
            <img
                 alt=""
                 height="1"
                 width="5"
                 src="uri-attr:encoded-resource-url:/test-context-path/adf/images/t.gif"
                >
              
            </img>
          </td>
          <td
              >
            
            <button
                 accesskey="x"
                 class="OraLink"
                 onclick="_navBarSubmit('formId','goto','mainId',1,'2');return false"
                 type="button"
                >
              Ne
              <span
                   class="AFAccessKeyStyle"
                  >
                x
              </span>t
            </button>
          </td>
        </tr>
      </table>
<!--AttributeTest[selectedStep,5]-->

      <table
           border="0"
           cellpadding="0"
           cellspacing="0"
           id="mainId"
           summary=""
          >
        
        <tr
            >
          
          <td
              >
            
            <button
                 accesskey="k"
                 class="OraLink"
                 onclick="_navBarSubmit('formId','goto','mainId',0,'4');return false"
                 type="button"
                >
              Bac
              <span
                   class="AFAccessKeyStyle"
                  >
                k
              </span>
            </button>
          </td>
          <td
              >
            
            <img
                 alt=""
                 height="1"
                 width="5"
                 src="uri-attr:encoded-resource-url:/test-context-path/adf/images/t.gif"
                >
              
            </img>
          </td>
          <td
               nowrap="nowrap"
              >
            
          </td>
          <td
              >
            
            <img
                 alt=""
                 height="1"
                 width="5"
                 src="uri-attr:encoded-resource-url:/test-context-path/adf/images/t.gif"
                >
              
            </img>
          </td>
          <td
              >
            
            <button
                 accesskey="x"
                 class="OraLink"
                 onclick="_navBarSubmit('formId','goto','mainId',1,'6');return false"
                 type="button"
                >
              Ne
              <span
                   class="AFAccessKeyStyle"
                  >
                x
              </span>t
            </button>
          </td>
        </tr>
      </table>
<!--AttributeTest[id,null]-->

      <table
           border="0"
           cellpadding="0"
           cellspacing="0"
           id="test-id"
           summary=""
          >
        
        <tr
            >
          
          <td
               nowrap="nowrap"
              >
            
          </td>
          <td
              >
            
            <img
                 alt=""
                 height="1"
                 width="5"
                 src="uri-attr:encoded-resource-url:/test-context-path/adf/images/t.gif"
                >
              
            </img>
          </td>
          <td
              >
            
            <button
                 accesskey="x"
                 class="OraLink"
                 onclick="_navBarSubmit('formId','goto','test-id',1,'2');return false"
                 type="button"
                >
              Ne
              <span
                   class="AFAccessKeyStyle"
                  >
                x
              </span>t
            </button>
          </td>
        </tr>
      </table>
</results>
