<results>
  <a
       class="OraLink"
       href="uri-attr:encoded-action-url:http://www.oracle.com"
      >
    http://www.oracle.com
  </a>
  <br
      >
    
  </br>
  <a
       class="OraLink"
       href="uri-attr:encoded-action-url:http://www.oracle.com"
      >
    http://www.oracle.com
  </a>
  <br
      >
    
  </br>
  <a
       class="OraLink"
       href="uri-attr:encoded-action-url:http://www.oracle.com"
      >
    http://www.oracle.com
  </a>
  <br
      >
    
  </br>
  <noframes
      >
    
  </noframes>
<!--AttributeTest[longDescURL,http://bali.us.oracle.com]-->

  <a
       class="OraLink"
       href="uri-attr:encoded-action-url:http://www.oracle.com"
      >
    http://www.oracle.com
  </a>
  <br
      >
    
  </br>
  <a
       class="OraLink"
       href="uri-attr:encoded-action-url:http://www.oracle.com"
      >
    http://www.oracle.com
  </a>
  <br
      >
    
  </br>
  <a
       class="OraLink"
       href="uri-attr:encoded-action-url:http://www.oracle.com"
      >
    http://www.oracle.com
  </a>
  <br
      >
    
  </br>
  <noframes
      >
    
  </noframes>
<!--AttributeTest[marginHeight,50]-->

  <a
       class="OraLink"
       href="uri-attr:encoded-action-url:http://www.oracle.com"
      >
    http://www.oracle.com
  </a>
  <br
      >
    
  </br>
  <a
       class="OraLink"
       href="uri-attr:encoded-action-url:http://www.oracle.com"
      >
    http://www.oracle.com
  </a>
  <br
      >
    
  </br>
  <a
       class="OraLink"
       href="uri-attr:encoded-action-url:http://www.oracle.com"
      >
    http://www.oracle.com
  </a>
  <br
      >
    
  </br>
  <noframes
      >
    
  </noframes>
<!--AttributeTest[marginWidth,50]-->

  <a
       class="OraLink"
       href="uri-attr:encoded-action-url:http://www.oracle.com"
      >
    http://www.oracle.com
  </a>
  <br
      >
    
  </br>
  <a
       class="OraLink"
       href="uri-attr:encoded-action-url:http://www.oracle.com"
      >
    http://www.oracle.com
  </a>
  <br
      >
    
  </br>
  <a
       class="OraLink"
       href="uri-attr:encoded-action-url:http://www.oracle.com"
      >
    http://www.oracle.com
  </a>
  <br
      >
    
  </br>
  <noframes
      >
    
  </noframes>
<!--AttributeTest[name,myName]-->

  <a
       class="OraLink"
       href="uri-attr:encoded-action-url:http://www.oracle.com"
      >
    http://www.oracle.com
  </a>
  <br
      >
    
  </br>
  <a
       class="OraLink"
       href="uri-attr:encoded-action-url:http://www.oracle.com"
      >
    http://www.oracle.com
  </a>
  <br
      >
    
  </br>
  <a
       class="OraLink"
       href="uri-attr:encoded-action-url:http://www.oracle.com"
      >
    http://www.oracle.com
  </a>
  <br
      >
    
  </br>
  <noframes
      >
    
  </noframes>
<!--AttributeTest[scrolling,yes]-->

  <a
       class="OraLink"
       href="uri-attr:encoded-action-url:http://www.oracle.com"
      >
    http://www.oracle.com
  </a>
  <br
      >
    
  </br>
  <a
       class="OraLink"
       href="uri-attr:encoded-action-url:http://www.oracle.com"
      >
    http://www.oracle.com
  </a>
  <br
      >
    
  </br>
  <a
       class="OraLink"
       href="uri-attr:encoded-action-url:http://www.oracle.com"
      >
    http://www.oracle.com
  </a>
  <br
      >
    
  </br>
  <noframes
      >
    
  </noframes>
<!--AttributeTest[scrolling,no]-->

  <a
       class="OraLink"
       href="uri-attr:encoded-action-url:http://www.oracle.com"
      >
    http://www.oracle.com
  </a>
  <br
      >
    
  </br>
  <a
       class="OraLink"
       href="uri-attr:encoded-action-url:http://www.oracle.com"
      >
    http://www.oracle.com
  </a>
  <br
      >
    
  </br>
  <a
       class="OraLink"
       href="uri-attr:encoded-action-url:http://www.oracle.com"
      >
    http://www.oracle.com
  </a>
  <br
      >
    
  </br>
  <noframes
      >
    
  </noframes>
<!--AttributeTest[scrolling,auto]-->

  <a
       class="OraLink"
       href="uri-attr:encoded-action-url:http://www.oracle.com"
      >
    http://www.oracle.com
  </a>
  <br
      >
    
  </br>
  <a
       class="OraLink"
       href="uri-attr:encoded-action-url:http://www.oracle.com"
      >
    http://www.oracle.com
  </a>
  <br
      >
    
  </br>
  <a
       class="OraLink"
       href="uri-attr:encoded-action-url:http://www.oracle.com"
      >
    http://www.oracle.com
  </a>
  <br
      >
    
  </br>
  <noframes
      >
    
  </noframes>
<!--AttributeTest[inlineStyle,background-color:blue]-->

  <a
       class="OraLink"
       href="uri-attr:encoded-action-url:http://www.oracle.com"
      >
    http://www.oracle.com
  </a>
  <br
      >
    
  </br>
  <a
       class="OraLink"
       href="uri-attr:encoded-action-url:http://www.oracle.com"
      >
    http://www.oracle.com
  </a>
  <br
      >
    
  </br>
  <a
       class="OraLink"
       href="uri-attr:encoded-action-url:http://www.oracle.com"
      >
    http://www.oracle.com
  </a>
  <br
      >
    
  </br>
  <noframes
      >
    
  </noframes>
<!--AttributeTest[shortDesc,myShortDesc]-->

  <a
       class="OraLink"
       href="uri-attr:encoded-action-url:http://www.oracle.com"
      >
    http://www.oracle.com
  </a>
  <br
      >
    
  </br>
  <a
       class="OraLink"
       href="uri-attr:encoded-action-url:http://www.oracle.com"
      >
    http://www.oracle.com
  </a>
  <br
      >
    
  </br>
  <a
       class="OraLink"
       href="uri-attr:encoded-action-url:http://www.oracle.com"
      >
    http://www.oracle.com
  </a>
  <br
      >
    
  </br>
  <noframes
      >
    
  </noframes>
<!--AttributeTest[styleClass,myStyle]-->

  <a
       class="OraLink"
       href="uri-attr:encoded-action-url:http://www.oracle.com"
      >
    http://www.oracle.com
  </a>
  <br
      >
    
  </br>
  <a
       class="OraLink"
       href="uri-attr:encoded-action-url:http://www.oracle.com"
      >
    http://www.oracle.com
  </a>
  <br
      >
    
  </br>
  <a
       class="OraLink"
       href="uri-attr:encoded-action-url:http://www.oracle.com"
      >
    http://www.oracle.com
  </a>
  <br
      >
    
  </br>
  <noframes
      >
    
  </noframes>
<!--AttributeTest[height,30pt]-->

  <a
       class="OraLink"
       href="uri-attr:encoded-action-url:http://www.oracle.com"
      >
    http://www.oracle.com
  </a>
  <br
      >
    
  </br>
  <a
       class="OraLink"
       href="uri-attr:encoded-action-url:http://www.oracle.com"
      >
    http://www.oracle.com
  </a>
  <br
      >
    
  </br>
  <a
       class="OraLink"
       href="uri-attr:encoded-action-url:http://www.oracle.com"
      >
    http://www.oracle.com
  </a>
  <br
      >
    
  </br>
  <noframes
      >
    
  </noframes>
<!--AttributeTest[width,30%]-->

  <a
       class="OraLink"
       href="uri-attr:encoded-action-url:http://www.oracle.com"
      >
    http://www.oracle.com
  </a>
  <br
      >
    
  </br>
  <a
       class="OraLink"
       href="uri-attr:encoded-action-url:http://www.oracle.com"
      >
    http://www.oracle.com
  </a>
  <br
      >
    
  </br>
  <a
       class="OraLink"
       href="uri-attr:encoded-action-url:http://www.oracle.com"
      >
    http://www.oracle.com
  </a>
  <br
      >
    
  </br>
  <noframes
      >
    
  </noframes>
</results>
