<results>
      <span
           id="mainId"
          >
        
      </span>
<!--AttributeTest[id,null]-->

      <span
           id="test-id"
          >
        
      </span>
<!--AttributeTest[rendered,false]-->

<!--AttributeTest[rendered,true]-->

      <span
           id="mainId"
          >
        
      </span>
</results>
