<results>
      <table
           border="0"
           cellpadding="0"
           cellspacing="0"
           id="mainId__xc_"
           summary=""
          >
        
        <tr
            >
          
          <td
               class="af_panelLabelAndMessage_label"
              >
            
          </td>
          <td
               class="AFContentCell"
               nowrap="nowrap"
               valign="top"
              >
            
            <table
                 border="0"
                 cellpadding="0"
                 cellspacing="0"
                 summary=""
                >
              
              <tr
                  >
                
                <td
                    >
                  
                  <table
                       border="0"
                       cellpadding="0"
                       cellspacing="0"
                       class="af_selectBooleanCheckbox"
                       id="_idXXX__xc_"
                       summary=""
                      >
                    
                    <tr
                        >
                      
                      <td
                           class="af_selectBooleanCheckbox_label"
                          >
                        
                      </td>
                      <td
                           class="AFContentCell"
                           nowrap="nowrap"
                           valign="top"
                          >
                        
                        <span
                             class="af_selectBooleanCheckbox_content"
                             id="_idXXX__xc_c"
                            >
                          
                          <input
                               id="_idXXX"
                               name="_idXXX"
                               type="checkbox"
                               value="t"
                              >
                            
                          </input>
                          <label
                               for="_idXXX"
                              >
                            Checkbox 1
                          </label>
                        </span>
                        <div
                            >
                          
                          <img
                               alt=""
                               height="0"
                               src="/test-context-path/adf/images/t.gif"
                               width="1"
                              >
                            
                          </img>
                        </div>
                      </td>
                    </tr>
                  </table>
                  <table
                       border="0"
                       cellpadding="0"
                       cellspacing="0"
                       class="af_selectBooleanCheckbox"
                       id="_idXXX__xc_"
                       summary=""
                      >
                    
                    <tr
                        >
                      
                      <td
                           class="af_selectBooleanCheckbox_label"
                          >
                        
                      </td>
                      <td
                           class="AFContentCell"
                           nowrap="nowrap"
                           valign="top"
                          >
                        
                        <span
                             class="af_selectBooleanCheckbox_content"
                             id="_idXXX__xc_c"
                            >
                          
                          <input
                               id="_idXXX"
                               name="_idXXX"
                               type="checkbox"
                               value="t"
                              >
                            
                          </input>
                          <label
                               for="_idXXX"
                              >
                            Checkbox 2
                          </label>
                        </span>
                        <div
                            >
                          
                          <img
                               alt=""
                               height="0"
                               src="/test-context-path/adf/images/t.gif"
                               width="1"
                              >
                            
                          </img>
                        </div>
                      </td>
                    </tr>
                  </table>
                </td>
                <td
                    >
                  
                  <table
                       border="0"
                       cellpadding="0"
                       cellspacing="0"
                       class="af_inputText"
                       id="_idXXX__xc_"
                       summary=""
                      >
                    
                    <tr
                        >
                      
                      <td
                           class="af_inputText_label"
                          >
                        
                      </td>
                      <td
                           class="AFContentCell"
                           nowrap="nowrap"
                           valign="top"
                          >
                        
                        <input
                             class="af_inputText_content"
                             id="_idXXX"
                             name="_idXXX"
                             size="11"
                             type="text"
                            >
                          
                        </input>
                        <div
                            >
                          
                          <img
                               alt=""
                               height="0"
                               src="/test-context-path/adf/images/t.gif"
                               width="1"
                              >
                            
                          </img>
                        </div>
                      </td>
                    </tr>
                  </table>
                </td>
              </tr>
              <tr
                  >
                
                <td
                     colspan="2"
                    >
                  help text
                </td>
              </tr>
            </table>
            <div
                >
              
              <img
                   alt=""
                   height="0"
                   src="/test-context-path/adf/images/t.gif"
                   width="1"
                  >
                
              </img>
            </div>
          </td>
        </tr>
      </table>
</results>
