<results>&#xa0;
      <table
           class="af_messages_body"
          >
        
        <tr
            >
          
          <td
              >
            
            <b
                >
              
              <span
                   class="af_messages_header"
                  >
                Information
              </span>
            </b>
            <ol
                 class="af_messages_list"
                >
              
              <li
                  >
                message summary - message detail
              </li>
              <li
                  >
                - message summary
              </li>
            </ol>
          </td>
        </tr>
      </table>
<!-- MessageTest[ id:null,INFO ]-->
&#xa0;
      <table
           class="af_messages_body"
          >
        
        <tr
            >
          
          <td
              >
            
            <b
                >
              
              <span
                   class="af_messages_header"
                  >
                Information
              </span>
            </b>
            <ol
                 class="af_messages_list"
                >
              
              <li
                  >
                message summary - message detail
              </li>
              <li
                  >
                - message summary
              </li>
            </ol>
          </td>
        </tr>
      </table>
<!--AttributeTest[id,id_val]-->
&#xa0;
      <table
           class="af_messages_body"
          >
        
        <tr
            >
          
          <td
              >
            
            <b
                >
              
              <span
                   class="af_messages_header"
                  >
                Information
              </span>
            </b>
            <ol
                 class="af_messages_list"
                >
              
              <li
                  >
                message summary - message detail
              </li>
              <li
                  >
                - message summary
              </li>
            </ol>
          </td>
        </tr>
      </table>
<!--AttributeTest[inlineStyle,background-color:red]-->
&#xa0;
      <table
           class="af_messages_body"
          >
        
        <tr
            >
          
          <td
              >
            
            <b
                >
              
              <span
                   class="af_messages_header"
                  >
                Information
              </span>
            </b>
            <ol
                 class="af_messages_list"
                >
              
              <li
                  >
                message summary - message detail
              </li>
              <li
                  >
                - message summary
              </li>
            </ol>
          </td>
        </tr>
      </table>
<!--AttributeTest[message,message_val]-->
&#xa0;
      <table
           class="af_messages_body"
          >
        
        <tr
            >
          
          <td
              >
            
            <b
                >
              
              <span
                   class="af_messages_header"
                  >
                Information
              </span>
              <br
                  >
                
              </br>message_val
            </b>
            <ol
                 class="af_messages_list"
                >
              
              <li
                  >
                message summary - message detail
              </li>
              <li
                  >
                - message summary
              </li>
            </ol>
          </td>
        </tr>
      </table>
<!--AttributeTest[messageType,error]-->
&#xa0;
      <table
           class="af_messages_body"
          >
        
        <tr
            >
          
          <td
              >
            
            <b
                >
              
              <span
                   class="af_messages_header"
                  >
                Information
              </span>
            </b>
            <ol
                 class="af_messages_list"
                >
              
              <li
                  >
                message summary - message detail
              </li>
              <li
                  >
                - message summary
              </li>
            </ol>
          </td>
        </tr>
      </table>
<!--AttributeTest[shortDesc,shortDesc_val]-->
&#xa0;
      <table
           class="af_messages_body"
          >
        
        <tr
            >
          
          <td
              >
            
            <b
                >
              
              <span
                   class="af_messages_header"
                  >
                Information
              </span>
            </b>
            <ol
                 class="af_messages_list"
                >
              
              <li
                  >
                message summary - message detail
              </li>
              <li
                  >
                - message summary
              </li>
            </ol>
          </td>
        </tr>
      </table>
<!--AttributeTest[styleClass,styleClass_val]-->
&#xa0;
      <table
           class="af_messages_body"
          >
        
        <tr
            >
          
          <td
              >
            
            <b
                >
              
              <span
                   class="af_messages_header"
                  >
                Information
              </span>
            </b>
            <ol
                 class="af_messages_list"
                >
              
              <li
                  >
                message summary - message detail
              </li>
              <li
                  >
                - message summary
              </li>
            </ol>
          </td>
        </tr>
      </table>
<!--AttributeTest[text,text_val]-->
&#xa0;
      <table
           class="af_messages_body"
          >
        
        <tr
            >
          
          <td
              >
            
            <b
                >
              
              <span
                   class="af_messages_header"
                  >
                Information
              </span>
            </b>
            <ol
                 class="af_messages_list"
                >
              
              <li
                  >
                message summary - message detail
              </li>
              <li
                  >
                - message summary
              </li>
            </ol>
          </td>
        </tr>
      </table>
</results>
