<results>
      <span
           id="mainId"
          >
        1
        <img
             height="1"
             width="10"
             src="uri-attr:encoded-resource-url:/test-context-path/adf/images/t.gif"
            >
          
        </img>2
        <img
             height="1"
             width="10"
             src="uri-attr:encoded-resource-url:/test-context-path/adf/images/t.gif"
            >
          
        </img>3
      </span>
<!--AttributeTest[layout,horizontal]-->

      <table
           border="0"
           cellpadding="0"
           cellspacing="0"
           id="mainId"
          >
        
        <tr
            >
          
          <td
              >
            1
          </td>
          <td
              >
            
            <img
                 height="1"
                 width="10"
                 src="uri-attr:encoded-resource-url:/test-context-path/adf/images/t.gif"
                >
              
            </img>
          </td>
          <td
              >
            2
          </td>
          <td
              >
            
            <img
                 height="1"
                 width="10"
                 src="uri-attr:encoded-resource-url:/test-context-path/adf/images/t.gif"
                >
              
            </img>
          </td>
          <td
              >
            3
          </td>
        </tr>
      </table>
<!--AttributeTest[layout,default]-->

      <span
           id="mainId"
          >
        1
        <img
             height="1"
             width="10"
             src="uri-attr:encoded-resource-url:/test-context-path/adf/images/t.gif"
            >
          
        </img>2
        <img
             height="1"
             width="10"
             src="uri-attr:encoded-resource-url:/test-context-path/adf/images/t.gif"
            >
          
        </img>3
      </span>
<!--AttributeTest[layout,vertical]-->

      <div
           id="mainId"
          >
        1
        <div
            >
          
          <img
               height="1"
               width="10"
               src="uri-attr:encoded-resource-url:/test-context-path/adf/images/t.gif"
              >
            
          </img>
        </div>2
        <div
            >
          
          <img
               height="1"
               width="10"
               src="uri-attr:encoded-resource-url:/test-context-path/adf/images/t.gif"
              >
            
          </img>
        </div>3
      </div>
<!--AttributeTest[id,null]-->

      <span
           id="test-id"
          >
        1
        <img
             height="1"
             width="10"
             src="uri-attr:encoded-resource-url:/test-context-path/adf/images/t.gif"
            >
          
        </img>2
        <img
             height="1"
             width="10"
             src="uri-attr:encoded-resource-url:/test-context-path/adf/images/t.gif"
            >
          
        </img>3
      </span>
<!--AttributeTest[inlineStyle,null]-->

      <span
           id="mainId"
           style="test-inlineStyle"
          >
        1
        <img
             height="1"
             width="10"
             src="uri-attr:encoded-resource-url:/test-context-path/adf/images/t.gif"
            >
          
        </img>2
        <img
             height="1"
             width="10"
             src="uri-attr:encoded-resource-url:/test-context-path/adf/images/t.gif"
            >
          
        </img>3
      </span>
<!--AttributeTest[rendered,false]-->

<!--AttributeTest[rendered,true]-->

      <span
           id="mainId"
          >
        1
        <img
             height="1"
             width="10"
             src="uri-attr:encoded-resource-url:/test-context-path/adf/images/t.gif"
            >
          
        </img>2
        <img
             height="1"
             width="10"
             src="uri-attr:encoded-resource-url:/test-context-path/adf/images/t.gif"
            >
          
        </img>3
      </span>
<!--AttributeTest[shortDesc,null]-->

      <span
           id="mainId"
           title="test-shortDesc"
          >
        1
        <img
             height="1"
             width="10"
             src="uri-attr:encoded-resource-url:/test-context-path/adf/images/t.gif"
            >
          
        </img>2
        <img
             height="1"
             width="10"
             src="uri-attr:encoded-resource-url:/test-context-path/adf/images/t.gif"
            >
          
        </img>3
      </span>
<!--AttributeTest[styleClass,null]-->

      <span
           class="test-styleClass"
           id="mainId"
          >
        1
        <img
             height="1"
             width="10"
             src="uri-attr:encoded-resource-url:/test-context-path/adf/images/t.gif"
            >
          
        </img>2
        <img
             height="1"
             width="10"
             src="uri-attr:encoded-resource-url:/test-context-path/adf/images/t.gif"
            >
          
        </img>3
      </span>
<!--AttributeTest[onclick,null]-->

      <span
           id="mainId"
           onclick="test-onclick"
          >
        1
        <img
             height="1"
             width="10"
             src="uri-attr:encoded-resource-url:/test-context-path/adf/images/t.gif"
            >
          
        </img>2
        <img
             height="1"
             width="10"
             src="uri-attr:encoded-resource-url:/test-context-path/adf/images/t.gif"
            >
          
        </img>3
      </span>
<!--AttributeTest[ondblclick,null]-->

      <span
           id="mainId"
           ondblclick="test-ondblclick"
          >
        1
        <img
             height="1"
             width="10"
             src="uri-attr:encoded-resource-url:/test-context-path/adf/images/t.gif"
            >
          
        </img>2
        <img
             height="1"
             width="10"
             src="uri-attr:encoded-resource-url:/test-context-path/adf/images/t.gif"
            >
          
        </img>3
      </span>
<!--AttributeTest[onkeydown,null]-->

      <span
           id="mainId"
           onkeydown="test-onkeydown"
          >
        1
        <img
             height="1"
             width="10"
             src="uri-attr:encoded-resource-url:/test-context-path/adf/images/t.gif"
            >
          
        </img>2
        <img
             height="1"
             width="10"
             src="uri-attr:encoded-resource-url:/test-context-path/adf/images/t.gif"
            >
          
        </img>3
      </span>
<!--AttributeTest[onkeypress,null]-->

      <span
           id="mainId"
           onkeypress="test-onkeypress"
          >
        1
        <img
             height="1"
             width="10"
             src="uri-attr:encoded-resource-url:/test-context-path/adf/images/t.gif"
            >
          
        </img>2
        <img
             height="1"
             width="10"
             src="uri-attr:encoded-resource-url:/test-context-path/adf/images/t.gif"
            >
          
        </img>3
      </span>
<!--AttributeTest[onkeyup,null]-->

      <span
           id="mainId"
           onkeyup="test-onkeyup"
          >
        1
        <img
             height="1"
             width="10"
             src="uri-attr:encoded-resource-url:/test-context-path/adf/images/t.gif"
            >
          
        </img>2
        <img
             height="1"
             width="10"
             src="uri-attr:encoded-resource-url:/test-context-path/adf/images/t.gif"
            >
          
        </img>3
      </span>
<!--AttributeTest[onmousedown,null]-->

      <span
           id="mainId"
           onmousedown="test-onmousedown"
          >
        1
        <img
             height="1"
             width="10"
             src="uri-attr:encoded-resource-url:/test-context-path/adf/images/t.gif"
            >
          
        </img>2
        <img
             height="1"
             width="10"
             src="uri-attr:encoded-resource-url:/test-context-path/adf/images/t.gif"
            >
          
        </img>3
      </span>
<!--AttributeTest[onmousemove,null]-->

      <span
           id="mainId"
           onmousemove="test-onmousemove"
          >
        1
        <img
             height="1"
             width="10"
             src="uri-attr:encoded-resource-url:/test-context-path/adf/images/t.gif"
            >
          
        </img>2
        <img
             height="1"
             width="10"
             src="uri-attr:encoded-resource-url:/test-context-path/adf/images/t.gif"
            >
          
        </img>3
      </span>
<!--AttributeTest[onmouseout,null]-->

      <span
           id="mainId"
           onmouseout="test-onmouseout"
          >
        1
        <img
             height="1"
             width="10"
             src="uri-attr:encoded-resource-url:/test-context-path/adf/images/t.gif"
            >
          
        </img>2
        <img
             height="1"
             width="10"
             src="uri-attr:encoded-resource-url:/test-context-path/adf/images/t.gif"
            >
          
        </img>3
      </span>
<!--AttributeTest[onmouseover,null]-->

      <span
           id="mainId"
           onmouseover="test-onmouseover"
          >
        1
        <img
             height="1"
             width="10"
             src="uri-attr:encoded-resource-url:/test-context-path/adf/images/t.gif"
            >
          
        </img>2
        <img
             height="1"
             width="10"
             src="uri-attr:encoded-resource-url:/test-context-path/adf/images/t.gif"
            >
          
        </img>3
      </span>
<!--AttributeTest[onmouseup,null]-->

      <span
           id="mainId"
           onmouseup="test-onmouseup"
          >
        1
        <img
             height="1"
             width="10"
             src="uri-attr:encoded-resource-url:/test-context-path/adf/images/t.gif"
            >
          
        </img>2
        <img
             height="1"
             width="10"
             src="uri-attr:encoded-resource-url:/test-context-path/adf/images/t.gif"
            >
          
        </img>3
      </span>
</results>
