<results>
      <span
           id="mainId"
          >
        
        <div
            >
          
          <a
               id="mainId__xc_"
               onclick="return _submitHideShow('formId',1,'show','mainId','mainId__xc_')"
               href="uri-attr:#"
              >
            
            <span
                 class="p_OraHideShowDisclosedSymbol"
                 title="Select to show information"
                >
              &#x2192;
            </span>
          </a>promptText
        </div>
      </span>
<!--AttributeTest[undisclosedText,null]-->

      <span
           id="mainId"
          >
        
        <div
            >
          
          <a
               id="mainId__xc_"
               onclick="return _submitHideShow('formId',1,'show','mainId','mainId__xc_')"
               href="uri-attr:#"
              >
            
            <span
                 class="p_OraHideShowDisclosedSymbol"
                 title="Select to show information"
                >
              &#x2192;
            </span>
          </a>promptText
        </div>
      </span>
<!--AttributeTest[disclosed,false]-->

      <span
           id="mainId"
          >
        
        <div
            >
          
          <a
               id="mainId__xc_"
               onclick="return _submitHideShow('formId',1,'show','mainId','mainId__xc_')"
               href="uri-attr:#"
              >
            
            <span
                 class="p_OraHideShowDisclosedSymbol"
                 title="Select to show information"
                >
              &#x2192;
            </span>
          </a>promptText
        </div>
      </span>
<!--AttributeTest[disclosed,true]-->

      <span
           id="mainId"
          >
        
        <div
            >
          
          <a
               id="mainId__xc_"
               onclick="return _submitHideShow('formId',1,'hide','mainId','mainId__xc_')"
               href="uri-attr:#"
              >
            
            <span
                 class="p_OraHideShowDisclosedSymbol"
                 title="Select to hide information"
                >
              &#x2193;
            </span>
          </a>promptText
        </div>
        <div
            >
          detailText
        </div>
      </span>
<!--AttributeTest[id,sDetailId]-->

      <span
           id="sDetailId"
          >
        
        <div
            >
          
          <a
               id="sDetailId__xc_"
               onclick="return _submitHideShow('formId',1,'show','sDetailId','sDetailId__xc_')"
               href="uri-attr:#"
              >
            
            <span
                 class="p_OraHideShowDisclosedSymbol"
                 title="Select to show information"
                >
              &#x2192;
            </span>
          </a>promptText
        </div>
      </span>
<!--AttributeTest[shortDesc,myDetail]-->

      <span
           id="mainId"
          >
        
        <div
             title="myDetail"
            >
          
          <a
               id="mainId__xc_"
               onclick="return _submitHideShow('formId',1,'show','mainId','mainId__xc_')"
               href="uri-attr:#"
              >
            
            <span
                 class="p_OraHideShowDisclosedSymbol"
                 title="Select to show information"
                >
              &#x2192;
            </span>
          </a>promptText
        </div>
      </span>
<!--AttributeTest[styleClass,myStyleClass]-->

      <span
           id="mainId"
          >
        
        <div
             class="myStyleClass"
            >
          
          <a
               id="mainId__xc_"
               onclick="return _submitHideShow('formId',1,'show','mainId','mainId__xc_')"
               href="uri-attr:#"
              >
            
            <span
                 class="p_OraHideShowDisclosedSymbol"
                 title="Select to show information"
                >
              &#x2192;
            </span>
          </a>promptText
        </div>
      </span>
<!--AttributeTest[inlineStyle,background-color:red]-->

      <span
           id="mainId"
          >
        
        <div
             style="background-color:red"
            >
          
          <a
               id="mainId__xc_"
               onclick="return _submitHideShow('formId',1,'show','mainId','mainId__xc_')"
               href="uri-attr:#"
              >
            
            <span
                 class="p_OraHideShowDisclosedSymbol"
                 title="Select to show information"
                >
              &#x2192;
            </span>
          </a>promptText
        </div>
      </span>
<!--AttributeTest[onclick,null]-->

      <span
           id="mainId"
          >
        
        <div
             onclick="test-onclick"
            >
          
          <a
               id="mainId__xc_"
               onclick="return _submitHideShow('formId',1,'show','mainId','mainId__xc_')"
               href="uri-attr:#"
              >
            
            <span
                 class="p_OraHideShowDisclosedSymbol"
                 title="Select to show information"
                >
              &#x2192;
            </span>
          </a>promptText
        </div>
      </span>
<!--AttributeTest[ondblclick,null]-->

      <span
           id="mainId"
          >
        
        <div
             ondblclick="test-ondblclick"
            >
          
          <a
               id="mainId__xc_"
               onclick="return _submitHideShow('formId',1,'show','mainId','mainId__xc_')"
               href="uri-attr:#"
              >
            
            <span
                 class="p_OraHideShowDisclosedSymbol"
                 title="Select to show information"
                >
              &#x2192;
            </span>
          </a>promptText
        </div>
      </span>
<!--AttributeTest[onkeydown,null]-->

      <span
           id="mainId"
          >
        
        <div
             onkeydown="test-onkeydown"
            >
          
          <a
               id="mainId__xc_"
               onclick="return _submitHideShow('formId',1,'show','mainId','mainId__xc_')"
               href="uri-attr:#"
              >
            
            <span
                 class="p_OraHideShowDisclosedSymbol"
                 title="Select to show information"
                >
              &#x2192;
            </span>
          </a>promptText
        </div>
      </span>
<!--AttributeTest[onkeypress,null]-->

      <span
           id="mainId"
          >
        
        <div
             onkeypress="test-onkeypress"
            >
          
          <a
               id="mainId__xc_"
               onclick="return _submitHideShow('formId',1,'show','mainId','mainId__xc_')"
               href="uri-attr:#"
              >
            
            <span
                 class="p_OraHideShowDisclosedSymbol"
                 title="Select to show information"
                >
              &#x2192;
            </span>
          </a>promptText
        </div>
      </span>
<!--AttributeTest[onkeyup,null]-->

      <span
           id="mainId"
          >
        
        <div
             onkeyup="test-onkeyup"
            >
          
          <a
               id="mainId__xc_"
               onclick="return _submitHideShow('formId',1,'show','mainId','mainId__xc_')"
               href="uri-attr:#"
              >
            
            <span
                 class="p_OraHideShowDisclosedSymbol"
                 title="Select to show information"
                >
              &#x2192;
            </span>
          </a>promptText
        </div>
      </span>
<!--AttributeTest[onmousedown,null]-->

      <span
           id="mainId"
          >
        
        <div
             onmousedown="test-onmousedown"
            >
          
          <a
               id="mainId__xc_"
               onclick="return _submitHideShow('formId',1,'show','mainId','mainId__xc_')"
               href="uri-attr:#"
              >
            
            <span
                 class="p_OraHideShowDisclosedSymbol"
                 title="Select to show information"
                >
              &#x2192;
            </span>
          </a>promptText
        </div>
      </span>
<!--AttributeTest[onmousemove,null]-->

      <span
           id="mainId"
          >
        
        <div
             onmousemove="test-onmousemove"
            >
          
          <a
               id="mainId__xc_"
               onclick="return _submitHideShow('formId',1,'show','mainId','mainId__xc_')"
               href="uri-attr:#"
              >
            
            <span
                 class="p_OraHideShowDisclosedSymbol"
                 title="Select to show information"
                >
              &#x2192;
            </span>
          </a>promptText
        </div>
      </span>
<!--AttributeTest[onmouseout,null]-->

      <span
           id="mainId"
          >
        
        <div
             onmouseout="test-onmouseout"
            >
          
          <a
               id="mainId__xc_"
               onclick="return _submitHideShow('formId',1,'show','mainId','mainId__xc_')"
               href="uri-attr:#"
              >
            
            <span
                 class="p_OraHideShowDisclosedSymbol"
                 title="Select to show information"
                >
              &#x2192;
            </span>
          </a>promptText
        </div>
      </span>
<!--AttributeTest[onmouseover,null]-->

      <span
           id="mainId"
          >
        
        <div
             onmouseover="test-onmouseover"
            >
          
          <a
               id="mainId__xc_"
               onclick="return _submitHideShow('formId',1,'show','mainId','mainId__xc_')"
               href="uri-attr:#"
              >
            
            <span
                 class="p_OraHideShowDisclosedSymbol"
                 title="Select to show information"
                >
              &#x2192;
            </span>
          </a>promptText
        </div>
      </span>
<!--AttributeTest[onmouseup,null]-->

      <span
           id="mainId"
          >
        
        <div
             onmouseup="test-onmouseup"
            >
          
          <a
               id="mainId__xc_"
               onclick="return _submitHideShow('formId',1,'show','mainId','mainId__xc_')"
               href="uri-attr:#"
              >
            
            <span
                 class="p_OraHideShowDisclosedSymbol"
                 title="Select to show information"
                >
              &#x2192;
            </span>
          </a>promptText
        </div>
      </span>
</results>
