<results>
      <table
           border="0"
           cellpadding="0"
           cellspacing="0"
           id="mainId"
           summary=""
          >
        
        <tr
            >
          
          <td
               nowrap="nowrap"
              >
            
          </td>
          <td
              >
            &#xa0;
          </td>
          <td
              >
            
            <a
                 class="OraLink"
                 onclick="_navBarSubmit('formId','goto','mainId',1,'2');return false"
                 href="uri-attr:encoded-action-url:#"
                >
              Next
            </a>
          </td>
        </tr>
      </table>
<!--AttributeTest[maxStep,10]-->

      <table
           border="0"
           cellpadding="0"
           cellspacing="0"
           id="mainId"
           summary=""
          >
        
        <tr
            >
          
          <td
               nowrap="nowrap"
              >
            
            <span
                 class="OraNavBarViewOnly"
                >
              Step 1 of 10
            </span>
          </td>
          <td
              >
            &#xa0;
          </td>
          <td
              >
            
            <a
                 class="OraLink"
                 onclick="_navBarSubmit('formId','goto','mainId',1,'2');return false"
                 href="uri-attr:encoded-action-url:#"
                >
              Next
            </a>
          </td>
        </tr>
      </table>
<!--AttributeTest[selectedStep,5]-->

      <table
           border="0"
           cellpadding="0"
           cellspacing="0"
           id="mainId"
           summary=""
          >
        
        <tr
            >
          
          <td
              >
            
            <a
                 class="OraLink"
                 onclick="_navBarSubmit('formId','goto','mainId',0,'4');return false"
                 href="uri-attr:encoded-action-url:#"
                >
              Back
            </a>
          </td>
          <td
              >
            &#xa0;
          </td>
          <td
               nowrap="nowrap"
              >
            
          </td>
          <td
              >
            &#xa0;
          </td>
          <td
              >
            
            <a
                 class="OraLink"
                 onclick="_navBarSubmit('formId','goto','mainId',1,'6');return false"
                 href="uri-attr:encoded-action-url:#"
                >
              Next
            </a>
          </td>
        </tr>
      </table>
<!--AttributeTest[id,null]-->

      <table
           border="0"
           cellpadding="0"
           cellspacing="0"
           id="test-id"
           summary=""
          >
        
        <tr
            >
          
          <td
               nowrap="nowrap"
              >
            
          </td>
          <td
              >
            &#xa0;
          </td>
          <td
              >
            
            <a
                 class="OraLink"
                 onclick="_navBarSubmit('formId','goto','test-id',1,'2');return false"
                 href="uri-attr:encoded-action-url:#"
                >
              Next
            </a>
          </td>
        </tr>
      </table>
</results>
