<results>
      <input
           class="OraLink"
           onclick="document.location='encoded-action-url:http://www.oracle.com'"
           type="button"
           value="ButtonText"
           id="uri-attr:mainId"
          >
        
      </input>
<!--AttributeTest[accessKey,u]-->

      <input
           class="OraLink"
           onclick="document.location='encoded-action-url:http://www.oracle.com'"
           type="button"
           value="ButtonText"
           id="uri-attr:mainId"
          >
        
      </input>
<!--AttributeTest[disabled,false]-->

      <input
           class="OraLink"
           onclick="document.location='encoded-action-url:http://www.oracle.com'"
           type="button"
           value="ButtonText"
           id="uri-attr:mainId"
          >
        
      </input>
<!--AttributeTest[disabled,true]-->

      <input
           class="OraLinkDisabled"
           disabled="disabled"
           type="button"
           value="ButtonText"
           id="uri-attr:mainId"
          >
        
      </input>
<!--AttributeTest[longDesc,my long desc]-->

      <input
           class="OraLink"
           onclick="document.location='encoded-action-url:http://www.oracle.com'"
           type="button"
           value="ButtonText"
           id="uri-attr:mainId"
          >
        
      </input>
<!--AttributeTest[targetFrame,mytarget]-->

      <input
           class="OraLink"
           onclick="top[mytarget].location='encoded-action-url:http://www.oracle.com'"
           type="button"
           value="ButtonText"
           id="uri-attr:mainId"
          >
        
      </input>
<!--AttributeTest[textAndAccessKey,B&uttonText]-->

      <input
           class="OraLink"
           onclick="document.location='encoded-action-url:http://www.oracle.com'"
           type="button"
           value="ButtonText"
           id="uri-attr:mainId"
          >
        
      </input>
<!--AttributeTest[id,myid]-->

      <input
           class="OraLink"
           onclick="document.location='encoded-action-url:http://www.oracle.com'"
           type="button"
           value="ButtonText"
           id="uri-attr:myid"
          >
        
      </input>
<!--AttributeTest[shortDesc,my button]-->

      <input
           class="OraLink"
           onclick="document.location='encoded-action-url:http://www.oracle.com'"
           title="my button"
           type="button"
           value="ButtonText"
           id="uri-attr:mainId"
          >
        
      </input>
<!--AttributeTest[styleClass,mystyle]-->

      <input
           class="mystyle"
           onclick="document.location='encoded-action-url:http://www.oracle.com'"
           type="button"
           value="ButtonText"
           id="uri-attr:mainId"
          >
        
      </input>
<!--AttributeTest[onblur,null]-->

      <input
           class="OraLink"
           onblur="test-onblur"
           onclick="document.location='encoded-action-url:http://www.oracle.com'"
           type="button"
           value="ButtonText"
           id="uri-attr:mainId"
          >
        
      </input>
<!--AttributeTest[onclick,null]-->

      <input
           class="OraLink"
           onclick="return _chain('test-onclick','document.location=\'encoded-action-url:http://www.oracle.com\'',this,event,true)"
           type="button"
           value="ButtonText"
           id="uri-attr:mainId"
          >
        
      </input>
<!--AttributeTest[ondblclick,null]-->

      <input
           class="OraLink"
           onclick="document.location='encoded-action-url:http://www.oracle.com'"
           ondblclick="test-ondblclick"
           type="button"
           value="ButtonText"
           id="uri-attr:mainId"
          >
        
      </input>
<!--AttributeTest[onfocus,null]-->

      <input
           class="OraLink"
           onclick="document.location='encoded-action-url:http://www.oracle.com'"
           onfocus="test-onfocus"
           type="button"
           value="ButtonText"
           id="uri-attr:mainId"
          >
        
      </input>
<!--AttributeTest[onkeydown,null]-->

      <input
           class="OraLink"
           onclick="document.location='encoded-action-url:http://www.oracle.com'"
           onkeydown="test-onkeydown"
           type="button"
           value="ButtonText"
           id="uri-attr:mainId"
          >
        
      </input>
<!--AttributeTest[onkeypress,null]-->

      <input
           class="OraLink"
           onclick="document.location='encoded-action-url:http://www.oracle.com'"
           onkeypress="test-onkeypress"
           type="button"
           value="ButtonText"
           id="uri-attr:mainId"
          >
        
      </input>
<!--AttributeTest[onkeyup,null]-->

      <input
           class="OraLink"
           onclick="document.location='encoded-action-url:http://www.oracle.com'"
           onkeyup="test-onkeyup"
           type="button"
           value="ButtonText"
           id="uri-attr:mainId"
          >
        
      </input>
<!--AttributeTest[onmousedown,null]-->

      <input
           class="OraLink"
           onclick="document.location='encoded-action-url:http://www.oracle.com'"
           onmousedown="test-onmousedown"
           type="button"
           value="ButtonText"
           id="uri-attr:mainId"
          >
        
      </input>
<!--AttributeTest[onmousemove,null]-->

      <input
           class="OraLink"
           onclick="document.location='encoded-action-url:http://www.oracle.com'"
           onmousemove="test-onmousemove"
           type="button"
           value="ButtonText"
           id="uri-attr:mainId"
          >
        
      </input>
<!--AttributeTest[onmouseout,null]-->

      <input
           class="OraLink"
           onclick="document.location='encoded-action-url:http://www.oracle.com'"
           onmouseout="test-onmouseout"
           type="button"
           value="ButtonText"
           id="uri-attr:mainId"
          >
        
      </input>
<!--AttributeTest[onmouseover,null]-->

      <input
           class="OraLink"
           onclick="document.location='encoded-action-url:http://www.oracle.com'"
           onmouseover="test-onmouseover"
           type="button"
           value="ButtonText"
           id="uri-attr:mainId"
          >
        
      </input>
<!--AttributeTest[onmouseup,null]-->

      <input
           class="OraLink"
           onclick="document.location='encoded-action-url:http://www.oracle.com'"
           onmouseup="test-onmouseup"
           type="button"
           value="ButtonText"
           id="uri-attr:mainId"
          >
        
      </input>
</results>
