<results>
      <map
           title="First level navigation elements"
          >
        
        <a
             class="p_OraHiddenLabel"
             href="uri-attr:encoded-action-url:#_idXXX"
            >
          
          <img
               alt="Skip all First level navigation elements"
               border="0"
               title="Skip all First level navigation elements"
               src="uri-attr:/test-context-path/adf/images/t.gif"
              >
            
          </img>
        </a>
        <table
             border="0"
             cellpadding="0"
             cellspacing="0"
             class="af_menuTabs"
             id="mainId"
             summary=""
            >
          
          <tr
              >
            
            <td
                 class="af_menuTabs_selected"
                >
              
              <a
                   onclick="submitForm('formId',1,{source:'mainId:0:stamp'});return false;"
                   href="uri-attr:encoded-action-url:#"
                   id="uri-attr:mainId:0:stamp"
                   name="uri-attr:mainId:0:stamp"
                  >
                First
              </a>
            </td>
            <td
                 class="af_menuTabs_enabled"
                >
              
              <a
                   onclick="submitForm('formId',1,{source:'mainId:1:stamp'});return false;"
                   href="uri-attr:encoded-action-url:#"
                   id="uri-attr:mainId:1:stamp"
                   name="uri-attr:mainId:1:stamp"
                  >
                Second
              </a>
            </td>
            <td
                 class="af_menuTabs_enabled"
                >
              
              <a
                   onclick="submitForm('formId',1,{source:'mainId:2:stamp'});return false;"
                   href="uri-attr:encoded-action-url:#"
                   id="uri-attr:mainId:2:stamp"
                   name="uri-attr:mainId:2:stamp"
                  >
                Third
              </a>
            </td>
          </tr>
        </table>
      </map>
      <a
           class="OraLink"
           id="uri-attr:_idXXX"
           name="uri-attr:_idXXX"
          >
        
      </a>
<!--AttributeTest[id,myid]-->

      <map
           title="First level navigation elements"
          >
        
        <a
             class="p_OraHiddenLabel"
             href="uri-attr:encoded-action-url:#_idXXX"
            >
          
          <img
               alt="Skip all First level navigation elements"
               border="0"
               title="Skip all First level navigation elements"
               src="uri-attr:/test-context-path/adf/images/t.gif"
              >
            
          </img>
        </a>
        <table
             border="0"
             cellpadding="0"
             cellspacing="0"
             class="af_menuTabs"
             id="myid"
             summary=""
            >
          
          <tr
              >
            
            <td
                 class="af_menuTabs_selected"
                >
              
              <a
                   onclick="submitForm('formId',1,{source:'myid:0:stamp'});return false;"
                   href="uri-attr:encoded-action-url:#"
                   id="uri-attr:myid:0:stamp"
                   name="uri-attr:myid:0:stamp"
                  >
                First
              </a>
            </td>
            <td
                 class="af_menuTabs_enabled"
                >
              
              <a
                   onclick="submitForm('formId',1,{source:'myid:1:stamp'});return false;"
                   href="uri-attr:encoded-action-url:#"
                   id="uri-attr:myid:1:stamp"
                   name="uri-attr:myid:1:stamp"
                  >
                Second
              </a>
            </td>
            <td
                 class="af_menuTabs_enabled"
                >
              
              <a
                   onclick="submitForm('formId',1,{source:'myid:2:stamp'});return false;"
                   href="uri-attr:encoded-action-url:#"
                   id="uri-attr:myid:2:stamp"
                   name="uri-attr:myid:2:stamp"
                  >
                Third
              </a>
            </td>
          </tr>
        </table>
      </map>
      <a
           class="OraLink"
           id="uri-attr:_idXXX"
           name="uri-attr:_idXXX"
          >
        
      </a>
<!--AttributeTest[shortDesc,my short desc]-->

      <map
           title="First level navigation elements"
          >
        
        <a
             class="p_OraHiddenLabel"
             href="uri-attr:encoded-action-url:#_idXXX"
            >
          
          <img
               alt="Skip all First level navigation elements"
               border="0"
               title="Skip all First level navigation elements"
               src="uri-attr:/test-context-path/adf/images/t.gif"
              >
            
          </img>
        </a>
        <table
             border="0"
             cellpadding="0"
             cellspacing="0"
             class="af_menuTabs"
             id="mainId"
             summary=""
             title="my short desc"
            >
          
          <tr
              >
            
            <td
                 class="af_menuTabs_selected"
                >
              
              <a
                   onclick="submitForm('formId',1,{source:'mainId:0:stamp'});return false;"
                   href="uri-attr:encoded-action-url:#"
                   id="uri-attr:mainId:0:stamp"
                   name="uri-attr:mainId:0:stamp"
                  >
                First
              </a>
            </td>
            <td
                 class="af_menuTabs_enabled"
                >
              
              <a
                   onclick="submitForm('formId',1,{source:'mainId:1:stamp'});return false;"
                   href="uri-attr:encoded-action-url:#"
                   id="uri-attr:mainId:1:stamp"
                   name="uri-attr:mainId:1:stamp"
                  >
                Second
              </a>
            </td>
            <td
                 class="af_menuTabs_enabled"
                >
              
              <a
                   onclick="submitForm('formId',1,{source:'mainId:2:stamp'});return false;"
                   href="uri-attr:encoded-action-url:#"
                   id="uri-attr:mainId:2:stamp"
                   name="uri-attr:mainId:2:stamp"
                  >
                Third
              </a>
            </td>
          </tr>
        </table>
      </map>
      <a
           class="OraLink"
           id="uri-attr:_idXXX"
           name="uri-attr:_idXXX"
          >
        
      </a>
<!--AttributeTest[onclick,null]-->

      <map
           title="First level navigation elements"
          >
        
        <a
             class="p_OraHiddenLabel"
             href="uri-attr:encoded-action-url:#_idXXX"
            >
          
          <img
               alt="Skip all First level navigation elements"
               border="0"
               title="Skip all First level navigation elements"
               src="uri-attr:/test-context-path/adf/images/t.gif"
              >
            
          </img>
        </a>
        <table
             border="0"
             cellpadding="0"
             cellspacing="0"
             class="af_menuTabs"
             id="mainId"
             onclick="test-onclick"
             summary=""
            >
          
          <tr
              >
            
            <td
                 class="af_menuTabs_selected"
                >
              
              <a
                   onclick="submitForm('formId',1,{source:'mainId:0:stamp'});return false;"
                   href="uri-attr:encoded-action-url:#"
                   id="uri-attr:mainId:0:stamp"
                   name="uri-attr:mainId:0:stamp"
                  >
                First
              </a>
            </td>
            <td
                 class="af_menuTabs_enabled"
                >
              
              <a
                   onclick="submitForm('formId',1,{source:'mainId:1:stamp'});return false;"
                   href="uri-attr:encoded-action-url:#"
                   id="uri-attr:mainId:1:stamp"
                   name="uri-attr:mainId:1:stamp"
                  >
                Second
              </a>
            </td>
            <td
                 class="af_menuTabs_enabled"
                >
              
              <a
                   onclick="submitForm('formId',1,{source:'mainId:2:stamp'});return false;"
                   href="uri-attr:encoded-action-url:#"
                   id="uri-attr:mainId:2:stamp"
                   name="uri-attr:mainId:2:stamp"
                  >
                Third
              </a>
            </td>
          </tr>
        </table>
      </map>
      <a
           class="OraLink"
           id="uri-attr:_idXXX"
           name="uri-attr:_idXXX"
          >
        
      </a>
<!--AttributeTest[ondblclick,null]-->

      <map
           title="First level navigation elements"
          >
        
        <a
             class="p_OraHiddenLabel"
             href="uri-attr:encoded-action-url:#_idXXX"
            >
          
          <img
               alt="Skip all First level navigation elements"
               border="0"
               title="Skip all First level navigation elements"
               src="uri-attr:/test-context-path/adf/images/t.gif"
              >
            
          </img>
        </a>
        <table
             border="0"
             cellpadding="0"
             cellspacing="0"
             class="af_menuTabs"
             id="mainId"
             ondblclick="test-ondblclick"
             summary=""
            >
          
          <tr
              >
            
            <td
                 class="af_menuTabs_selected"
                >
              
              <a
                   onclick="submitForm('formId',1,{source:'mainId:0:stamp'});return false;"
                   href="uri-attr:encoded-action-url:#"
                   id="uri-attr:mainId:0:stamp"
                   name="uri-attr:mainId:0:stamp"
                  >
                First
              </a>
            </td>
            <td
                 class="af_menuTabs_enabled"
                >
              
              <a
                   onclick="submitForm('formId',1,{source:'mainId:1:stamp'});return false;"
                   href="uri-attr:encoded-action-url:#"
                   id="uri-attr:mainId:1:stamp"
                   name="uri-attr:mainId:1:stamp"
                  >
                Second
              </a>
            </td>
            <td
                 class="af_menuTabs_enabled"
                >
              
              <a
                   onclick="submitForm('formId',1,{source:'mainId:2:stamp'});return false;"
                   href="uri-attr:encoded-action-url:#"
                   id="uri-attr:mainId:2:stamp"
                   name="uri-attr:mainId:2:stamp"
                  >
                Third
              </a>
            </td>
          </tr>
        </table>
      </map>
      <a
           class="OraLink"
           id="uri-attr:_idXXX"
           name="uri-attr:_idXXX"
          >
        
      </a>
<!--AttributeTest[onkeydown,null]-->

      <map
           title="First level navigation elements"
          >
        
        <a
             class="p_OraHiddenLabel"
             href="uri-attr:encoded-action-url:#_idXXX"
            >
          
          <img
               alt="Skip all First level navigation elements"
               border="0"
               title="Skip all First level navigation elements"
               src="uri-attr:/test-context-path/adf/images/t.gif"
              >
            
          </img>
        </a>
        <table
             border="0"
             cellpadding="0"
             cellspacing="0"
             class="af_menuTabs"
             id="mainId"
             onkeydown="test-onkeydown"
             summary=""
            >
          
          <tr
              >
            
            <td
                 class="af_menuTabs_selected"
                >
              
              <a
                   onclick="submitForm('formId',1,{source:'mainId:0:stamp'});return false;"
                   href="uri-attr:encoded-action-url:#"
                   id="uri-attr:mainId:0:stamp"
                   name="uri-attr:mainId:0:stamp"
                  >
                First
              </a>
            </td>
            <td
                 class="af_menuTabs_enabled"
                >
              
              <a
                   onclick="submitForm('formId',1,{source:'mainId:1:stamp'});return false;"
                   href="uri-attr:encoded-action-url:#"
                   id="uri-attr:mainId:1:stamp"
                   name="uri-attr:mainId:1:stamp"
                  >
                Second
              </a>
            </td>
            <td
                 class="af_menuTabs_enabled"
                >
              
              <a
                   onclick="submitForm('formId',1,{source:'mainId:2:stamp'});return false;"
                   href="uri-attr:encoded-action-url:#"
                   id="uri-attr:mainId:2:stamp"
                   name="uri-attr:mainId:2:stamp"
                  >
                Third
              </a>
            </td>
          </tr>
        </table>
      </map>
      <a
           class="OraLink"
           id="uri-attr:_idXXX"
           name="uri-attr:_idXXX"
          >
        
      </a>
<!--AttributeTest[onkeypress,null]-->

      <map
           title="First level navigation elements"
          >
        
        <a
             class="p_OraHiddenLabel"
             href="uri-attr:encoded-action-url:#_idXXX"
            >
          
          <img
               alt="Skip all First level navigation elements"
               border="0"
               title="Skip all First level navigation elements"
               src="uri-attr:/test-context-path/adf/images/t.gif"
              >
            
          </img>
        </a>
        <table
             border="0"
             cellpadding="0"
             cellspacing="0"
             class="af_menuTabs"
             id="mainId"
             onkeypress="test-onkeypress"
             summary=""
            >
          
          <tr
              >
            
            <td
                 class="af_menuTabs_selected"
                >
              
              <a
                   onclick="submitForm('formId',1,{source:'mainId:0:stamp'});return false;"
                   href="uri-attr:encoded-action-url:#"
                   id="uri-attr:mainId:0:stamp"
                   name="uri-attr:mainId:0:stamp"
                  >
                First
              </a>
            </td>
            <td
                 class="af_menuTabs_enabled"
                >
              
              <a
                   onclick="submitForm('formId',1,{source:'mainId:1:stamp'});return false;"
                   href="uri-attr:encoded-action-url:#"
                   id="uri-attr:mainId:1:stamp"
                   name="uri-attr:mainId:1:stamp"
                  >
                Second
              </a>
            </td>
            <td
                 class="af_menuTabs_enabled"
                >
              
              <a
                   onclick="submitForm('formId',1,{source:'mainId:2:stamp'});return false;"
                   href="uri-attr:encoded-action-url:#"
                   id="uri-attr:mainId:2:stamp"
                   name="uri-attr:mainId:2:stamp"
                  >
                Third
              </a>
            </td>
          </tr>
        </table>
      </map>
      <a
           class="OraLink"
           id="uri-attr:_idXXX"
           name="uri-attr:_idXXX"
          >
        
      </a>
<!--AttributeTest[onkeyup,null]-->

      <map
           title="First level navigation elements"
          >
        
        <a
             class="p_OraHiddenLabel"
             href="uri-attr:encoded-action-url:#_idXXX"
            >
          
          <img
               alt="Skip all First level navigation elements"
               border="0"
               title="Skip all First level navigation elements"
               src="uri-attr:/test-context-path/adf/images/t.gif"
              >
            
          </img>
        </a>
        <table
             border="0"
             cellpadding="0"
             cellspacing="0"
             class="af_menuTabs"
             id="mainId"
             onkeyup="test-onkeyup"
             summary=""
            >
          
          <tr
              >
            
            <td
                 class="af_menuTabs_selected"
                >
              
              <a
                   onclick="submitForm('formId',1,{source:'mainId:0:stamp'});return false;"
                   href="uri-attr:encoded-action-url:#"
                   id="uri-attr:mainId:0:stamp"
                   name="uri-attr:mainId:0:stamp"
                  >
                First
              </a>
            </td>
            <td
                 class="af_menuTabs_enabled"
                >
              
              <a
                   onclick="submitForm('formId',1,{source:'mainId:1:stamp'});return false;"
                   href="uri-attr:encoded-action-url:#"
                   id="uri-attr:mainId:1:stamp"
                   name="uri-attr:mainId:1:stamp"
                  >
                Second
              </a>
            </td>
            <td
                 class="af_menuTabs_enabled"
                >
              
              <a
                   onclick="submitForm('formId',1,{source:'mainId:2:stamp'});return false;"
                   href="uri-attr:encoded-action-url:#"
                   id="uri-attr:mainId:2:stamp"
                   name="uri-attr:mainId:2:stamp"
                  >
                Third
              </a>
            </td>
          </tr>
        </table>
      </map>
      <a
           class="OraLink"
           id="uri-attr:_idXXX"
           name="uri-attr:_idXXX"
          >
        
      </a>
<!--AttributeTest[onmousedown,null]-->

      <map
           title="First level navigation elements"
          >
        
        <a
             class="p_OraHiddenLabel"
             href="uri-attr:encoded-action-url:#_idXXX"
            >
          
          <img
               alt="Skip all First level navigation elements"
               border="0"
               title="Skip all First level navigation elements"
               src="uri-attr:/test-context-path/adf/images/t.gif"
              >
            
          </img>
        </a>
        <table
             border="0"
             cellpadding="0"
             cellspacing="0"
             class="af_menuTabs"
             id="mainId"
             onmousedown="test-onmousedown"
             summary=""
            >
          
          <tr
              >
            
            <td
                 class="af_menuTabs_selected"
                >
              
              <a
                   onclick="submitForm('formId',1,{source:'mainId:0:stamp'});return false;"
                   href="uri-attr:encoded-action-url:#"
                   id="uri-attr:mainId:0:stamp"
                   name="uri-attr:mainId:0:stamp"
                  >
                First
              </a>
            </td>
            <td
                 class="af_menuTabs_enabled"
                >
              
              <a
                   onclick="submitForm('formId',1,{source:'mainId:1:stamp'});return false;"
                   href="uri-attr:encoded-action-url:#"
                   id="uri-attr:mainId:1:stamp"
                   name="uri-attr:mainId:1:stamp"
                  >
                Second
              </a>
            </td>
            <td
                 class="af_menuTabs_enabled"
                >
              
              <a
                   onclick="submitForm('formId',1,{source:'mainId:2:stamp'});return false;"
                   href="uri-attr:encoded-action-url:#"
                   id="uri-attr:mainId:2:stamp"
                   name="uri-attr:mainId:2:stamp"
                  >
                Third
              </a>
            </td>
          </tr>
        </table>
      </map>
      <a
           class="OraLink"
           id="uri-attr:_idXXX"
           name="uri-attr:_idXXX"
          >
        
      </a>
<!--AttributeTest[onmousemove,null]-->

      <map
           title="First level navigation elements"
          >
        
        <a
             class="p_OraHiddenLabel"
             href="uri-attr:encoded-action-url:#_idXXX"
            >
          
          <img
               alt="Skip all First level navigation elements"
               border="0"
               title="Skip all First level navigation elements"
               src="uri-attr:/test-context-path/adf/images/t.gif"
              >
            
          </img>
        </a>
        <table
             border="0"
             cellpadding="0"
             cellspacing="0"
             class="af_menuTabs"
             id="mainId"
             onmousemove="test-onmousemove"
             summary=""
            >
          
          <tr
              >
            
            <td
                 class="af_menuTabs_selected"
                >
              
              <a
                   onclick="submitForm('formId',1,{source:'mainId:0:stamp'});return false;"
                   href="uri-attr:encoded-action-url:#"
                   id="uri-attr:mainId:0:stamp"
                   name="uri-attr:mainId:0:stamp"
                  >
                First
              </a>
            </td>
            <td
                 class="af_menuTabs_enabled"
                >
              
              <a
                   onclick="submitForm('formId',1,{source:'mainId:1:stamp'});return false;"
                   href="uri-attr:encoded-action-url:#"
                   id="uri-attr:mainId:1:stamp"
                   name="uri-attr:mainId:1:stamp"
                  >
                Second
              </a>
            </td>
            <td
                 class="af_menuTabs_enabled"
                >
              
              <a
                   onclick="submitForm('formId',1,{source:'mainId:2:stamp'});return false;"
                   href="uri-attr:encoded-action-url:#"
                   id="uri-attr:mainId:2:stamp"
                   name="uri-attr:mainId:2:stamp"
                  >
                Third
              </a>
            </td>
          </tr>
        </table>
      </map>
      <a
           class="OraLink"
           id="uri-attr:_idXXX"
           name="uri-attr:_idXXX"
          >
        
      </a>
<!--AttributeTest[onmouseout,null]-->

      <map
           title="First level navigation elements"
          >
        
        <a
             class="p_OraHiddenLabel"
             href="uri-attr:encoded-action-url:#_idXXX"
            >
          
          <img
               alt="Skip all First level navigation elements"
               border="0"
               title="Skip all First level navigation elements"
               src="uri-attr:/test-context-path/adf/images/t.gif"
              >
            
          </img>
        </a>
        <table
             border="0"
             cellpadding="0"
             cellspacing="0"
             class="af_menuTabs"
             id="mainId"
             onmouseout="test-onmouseout"
             summary=""
            >
          
          <tr
              >
            
            <td
                 class="af_menuTabs_selected"
                >
              
              <a
                   onclick="submitForm('formId',1,{source:'mainId:0:stamp'});return false;"
                   href="uri-attr:encoded-action-url:#"
                   id="uri-attr:mainId:0:stamp"
                   name="uri-attr:mainId:0:stamp"
                  >
                First
              </a>
            </td>
            <td
                 class="af_menuTabs_enabled"
                >
              
              <a
                   onclick="submitForm('formId',1,{source:'mainId:1:stamp'});return false;"
                   href="uri-attr:encoded-action-url:#"
                   id="uri-attr:mainId:1:stamp"
                   name="uri-attr:mainId:1:stamp"
                  >
                Second
              </a>
            </td>
            <td
                 class="af_menuTabs_enabled"
                >
              
              <a
                   onclick="submitForm('formId',1,{source:'mainId:2:stamp'});return false;"
                   href="uri-attr:encoded-action-url:#"
                   id="uri-attr:mainId:2:stamp"
                   name="uri-attr:mainId:2:stamp"
                  >
                Third
              </a>
            </td>
          </tr>
        </table>
      </map>
      <a
           class="OraLink"
           id="uri-attr:_idXXX"
           name="uri-attr:_idXXX"
          >
        
      </a>
<!--AttributeTest[onmouseover,null]-->

      <map
           title="First level navigation elements"
          >
        
        <a
             class="p_OraHiddenLabel"
             href="uri-attr:encoded-action-url:#_idXXX"
            >
          
          <img
               alt="Skip all First level navigation elements"
               border="0"
               title="Skip all First level navigation elements"
               src="uri-attr:/test-context-path/adf/images/t.gif"
              >
            
          </img>
        </a>
        <table
             border="0"
             cellpadding="0"
             cellspacing="0"
             class="af_menuTabs"
             id="mainId"
             onmouseover="test-onmouseover"
             summary=""
            >
          
          <tr
              >
            
            <td
                 class="af_menuTabs_selected"
                >
              
              <a
                   onclick="submitForm('formId',1,{source:'mainId:0:stamp'});return false;"
                   href="uri-attr:encoded-action-url:#"
                   id="uri-attr:mainId:0:stamp"
                   name="uri-attr:mainId:0:stamp"
                  >
                First
              </a>
            </td>
            <td
                 class="af_menuTabs_enabled"
                >
              
              <a
                   onclick="submitForm('formId',1,{source:'mainId:1:stamp'});return false;"
                   href="uri-attr:encoded-action-url:#"
                   id="uri-attr:mainId:1:stamp"
                   name="uri-attr:mainId:1:stamp"
                  >
                Second
              </a>
            </td>
            <td
                 class="af_menuTabs_enabled"
                >
              
              <a
                   onclick="submitForm('formId',1,{source:'mainId:2:stamp'});return false;"
                   href="uri-attr:encoded-action-url:#"
                   id="uri-attr:mainId:2:stamp"
                   name="uri-attr:mainId:2:stamp"
                  >
                Third
              </a>
            </td>
          </tr>
        </table>
      </map>
      <a
           class="OraLink"
           id="uri-attr:_idXXX"
           name="uri-attr:_idXXX"
          >
        
      </a>
<!--AttributeTest[onmouseup,null]-->

      <map
           title="First level navigation elements"
          >
        
        <a
             class="p_OraHiddenLabel"
             href="uri-attr:encoded-action-url:#_idXXX"
            >
          
          <img
               alt="Skip all First level navigation elements"
               border="0"
               title="Skip all First level navigation elements"
               src="uri-attr:/test-context-path/adf/images/t.gif"
              >
            
          </img>
        </a>
        <table
             border="0"
             cellpadding="0"
             cellspacing="0"
             class="af_menuTabs"
             id="mainId"
             onmouseup="test-onmouseup"
             summary=""
            >
          
          <tr
              >
            
            <td
                 class="af_menuTabs_selected"
                >
              
              <a
                   onclick="submitForm('formId',1,{source:'mainId:0:stamp'});return false;"
                   href="uri-attr:encoded-action-url:#"
                   id="uri-attr:mainId:0:stamp"
                   name="uri-attr:mainId:0:stamp"
                  >
                First
              </a>
            </td>
            <td
                 class="af_menuTabs_enabled"
                >
              
              <a
                   onclick="submitForm('formId',1,{source:'mainId:1:stamp'});return false;"
                   href="uri-attr:encoded-action-url:#"
                   id="uri-attr:mainId:1:stamp"
                   name="uri-attr:mainId:1:stamp"
                  >
                Second
              </a>
            </td>
            <td
                 class="af_menuTabs_enabled"
                >
              
              <a
                   onclick="submitForm('formId',1,{source:'mainId:2:stamp'});return false;"
                   href="uri-attr:encoded-action-url:#"
                   id="uri-attr:mainId:2:stamp"
                   name="uri-attr:mainId:2:stamp"
                  >
                Third
              </a>
            </td>
          </tr>
        </table>
      </map>
      <a
           class="OraLink"
           id="uri-attr:_idXXX"
           name="uri-attr:_idXXX"
          >
        
      </a>
</results>
