<results>
      <div
           class="af_showOneAccordion_container"
           id="mainId"
          >
        
        <div
             class="af_showOneAccordion_header-expanded"
             id="mainId_idXXX"
            >
          
          <a
               class="af_showOneAccordion_title-link"
               name="_idXXX"
              >
            1
          </a>
        </div>
        <table
             cellPadding="0"
             cellSpacing="0"
             class="af_showOneAccordion_content"
             summary=""
            >
          
          <tr
              >
            
            <td
                >
              
            </td>
          </tr>
        </table>
        <div
             class="af_showOneAccordion_header-collapsed"
             id="mainId_idXXX"
            >
          
          <a
               class="af_showOneAccordion_title-link"
               href="#"
               name="_idXXX"
               onclick="_submitPartialChange('formId',1, {partialTargets:'mainId', event:'show',source:'_idXXX'});return false;"
              >
            2
          </a>
        </div>
        <div
             class="af_showOneAccordion_header-collapsed"
             id="mainId_idXXX"
            >
          
          <a
               class="af_showOneAccordion_title-link"
               href="#"
               name="_idXXX"
               onclick="_submitPartialChange('formId',1, {partialTargets:'mainId', event:'show',source:'_idXXX'});return false;"
              >
            3
          </a>
        </div>
      </div>
<!--AttributeTest[onclick,null]-->

      <div
           class="af_showOneAccordion_container"
           id="mainId"
           onclick="test-onclick"
          >
        
        <div
             class="af_showOneAccordion_header-expanded"
             id="mainId_idXXX"
            >
          
          <a
               class="af_showOneAccordion_title-link"
               name="_idXXX"
              >
            1
          </a>
        </div>
        <table
             cellPadding="0"
             cellSpacing="0"
             class="af_showOneAccordion_content"
             summary=""
            >
          
          <tr
              >
            
            <td
                >
              
            </td>
          </tr>
        </table>
        <div
             class="af_showOneAccordion_header-collapsed"
             id="mainId_idXXX"
            >
          
          <a
               class="af_showOneAccordion_title-link"
               href="#"
               name="_idXXX"
               onclick="_submitPartialChange('formId',1, {partialTargets:'mainId', event:'show',source:'_idXXX'});return false;"
              >
            2
          </a>
        </div>
        <div
             class="af_showOneAccordion_header-collapsed"
             id="mainId_idXXX"
            >
          
          <a
               class="af_showOneAccordion_title-link"
               href="#"
               name="_idXXX"
               onclick="_submitPartialChange('formId',1, {partialTargets:'mainId', event:'show',source:'_idXXX'});return false;"
              >
            3
          </a>
        </div>
      </div>
<!--AttributeTest[ondblclick,null]-->

      <div
           class="af_showOneAccordion_container"
           id="mainId"
           ondblclick="test-ondblclick"
          >
        
        <div
             class="af_showOneAccordion_header-expanded"
             id="mainId_idXXX"
            >
          
          <a
               class="af_showOneAccordion_title-link"
               name="_idXXX"
              >
            1
          </a>
        </div>
        <table
             cellPadding="0"
             cellSpacing="0"
             class="af_showOneAccordion_content"
             summary=""
            >
          
          <tr
              >
            
            <td
                >
              
            </td>
          </tr>
        </table>
        <div
             class="af_showOneAccordion_header-collapsed"
             id="mainId_idXXX"
            >
          
          <a
               class="af_showOneAccordion_title-link"
               href="#"
               name="_idXXX"
               onclick="_submitPartialChange('formId',1, {partialTargets:'mainId', event:'show',source:'_idXXX'});return false;"
              >
            2
          </a>
        </div>
        <div
             class="af_showOneAccordion_header-collapsed"
             id="mainId_idXXX"
            >
          
          <a
               class="af_showOneAccordion_title-link"
               href="#"
               name="_idXXX"
               onclick="_submitPartialChange('formId',1, {partialTargets:'mainId', event:'show',source:'_idXXX'});return false;"
              >
            3
          </a>
        </div>
      </div>
<!--AttributeTest[onkeydown,null]-->

      <div
           class="af_showOneAccordion_container"
           id="mainId"
           onkeydown="test-onkeydown"
          >
        
        <div
             class="af_showOneAccordion_header-expanded"
             id="mainId_idXXX"
            >
          
          <a
               class="af_showOneAccordion_title-link"
               name="_idXXX"
              >
            1
          </a>
        </div>
        <table
             cellPadding="0"
             cellSpacing="0"
             class="af_showOneAccordion_content"
             summary=""
            >
          
          <tr
              >
            
            <td
                >
              
            </td>
          </tr>
        </table>
        <div
             class="af_showOneAccordion_header-collapsed"
             id="mainId_idXXX"
            >
          
          <a
               class="af_showOneAccordion_title-link"
               href="#"
               name="_idXXX"
               onclick="_submitPartialChange('formId',1, {partialTargets:'mainId', event:'show',source:'_idXXX'});return false;"
              >
            2
          </a>
        </div>
        <div
             class="af_showOneAccordion_header-collapsed"
             id="mainId_idXXX"
            >
          
          <a
               class="af_showOneAccordion_title-link"
               href="#"
               name="_idXXX"
               onclick="_submitPartialChange('formId',1, {partialTargets:'mainId', event:'show',source:'_idXXX'});return false;"
              >
            3
          </a>
        </div>
      </div>
<!--AttributeTest[onkeypress,null]-->

      <div
           class="af_showOneAccordion_container"
           id="mainId"
           onkeypress="test-onkeypress"
          >
        
        <div
             class="af_showOneAccordion_header-expanded"
             id="mainId_idXXX"
            >
          
          <a
               class="af_showOneAccordion_title-link"
               name="_idXXX"
              >
            1
          </a>
        </div>
        <table
             cellPadding="0"
             cellSpacing="0"
             class="af_showOneAccordion_content"
             summary=""
            >
          
          <tr
              >
            
            <td
                >
              
            </td>
          </tr>
        </table>
        <div
             class="af_showOneAccordion_header-collapsed"
             id="mainId_idXXX"
            >
          
          <a
               class="af_showOneAccordion_title-link"
               href="#"
               name="_idXXX"
               onclick="_submitPartialChange('formId',1, {partialTargets:'mainId', event:'show',source:'_idXXX'});return false;"
              >
            2
          </a>
        </div>
        <div
             class="af_showOneAccordion_header-collapsed"
             id="mainId_idXXX"
            >
          
          <a
               class="af_showOneAccordion_title-link"
               href="#"
               name="_idXXX"
               onclick="_submitPartialChange('formId',1, {partialTargets:'mainId', event:'show',source:'_idXXX'});return false;"
              >
            3
          </a>
        </div>
      </div>
<!--AttributeTest[onkeyup,null]-->

      <div
           class="af_showOneAccordion_container"
           id="mainId"
           onkeyup="test-onkeyup"
          >
        
        <div
             class="af_showOneAccordion_header-expanded"
             id="mainId_idXXX"
            >
          
          <a
               class="af_showOneAccordion_title-link"
               name="_idXXX"
              >
            1
          </a>
        </div>
        <table
             cellPadding="0"
             cellSpacing="0"
             class="af_showOneAccordion_content"
             summary=""
            >
          
          <tr
              >
            
            <td
                >
              
            </td>
          </tr>
        </table>
        <div
             class="af_showOneAccordion_header-collapsed"
             id="mainId_idXXX"
            >
          
          <a
               class="af_showOneAccordion_title-link"
               href="#"
               name="_idXXX"
               onclick="_submitPartialChange('formId',1, {partialTargets:'mainId', event:'show',source:'_idXXX'});return false;"
              >
            2
          </a>
        </div>
        <div
             class="af_showOneAccordion_header-collapsed"
             id="mainId_idXXX"
            >
          
          <a
               class="af_showOneAccordion_title-link"
               href="#"
               name="_idXXX"
               onclick="_submitPartialChange('formId',1, {partialTargets:'mainId', event:'show',source:'_idXXX'});return false;"
              >
            3
          </a>
        </div>
      </div>
<!--AttributeTest[onmousedown,null]-->

      <div
           class="af_showOneAccordion_container"
           id="mainId"
           onmousedown="test-onmousedown"
          >
        
        <div
             class="af_showOneAccordion_header-expanded"
             id="mainId_idXXX"
            >
          
          <a
               class="af_showOneAccordion_title-link"
               name="_idXXX"
              >
            1
          </a>
        </div>
        <table
             cellPadding="0"
             cellSpacing="0"
             class="af_showOneAccordion_content"
             summary=""
            >
          
          <tr
              >
            
            <td
                >
              
            </td>
          </tr>
        </table>
        <div
             class="af_showOneAccordion_header-collapsed"
             id="mainId_idXXX"
            >
          
          <a
               class="af_showOneAccordion_title-link"
               href="#"
               name="_idXXX"
               onclick="_submitPartialChange('formId',1, {partialTargets:'mainId', event:'show',source:'_idXXX'});return false;"
              >
            2
          </a>
        </div>
        <div
             class="af_showOneAccordion_header-collapsed"
             id="mainId_idXXX"
            >
          
          <a
               class="af_showOneAccordion_title-link"
               href="#"
               name="_idXXX"
               onclick="_submitPartialChange('formId',1, {partialTargets:'mainId', event:'show',source:'_idXXX'});return false;"
              >
            3
          </a>
        </div>
      </div>
<!--AttributeTest[onmousemove,null]-->

      <div
           class="af_showOneAccordion_container"
           id="mainId"
           onmousemove="test-onmousemove"
          >
        
        <div
             class="af_showOneAccordion_header-expanded"
             id="mainId_idXXX"
            >
          
          <a
               class="af_showOneAccordion_title-link"
               name="_idXXX"
              >
            1
          </a>
        </div>
        <table
             cellPadding="0"
             cellSpacing="0"
             class="af_showOneAccordion_content"
             summary=""
            >
          
          <tr
              >
            
            <td
                >
              
            </td>
          </tr>
        </table>
        <div
             class="af_showOneAccordion_header-collapsed"
             id="mainId_idXXX"
            >
          
          <a
               class="af_showOneAccordion_title-link"
               href="#"
               name="_idXXX"
               onclick="_submitPartialChange('formId',1, {partialTargets:'mainId', event:'show',source:'_idXXX'});return false;"
              >
            2
          </a>
        </div>
        <div
             class="af_showOneAccordion_header-collapsed"
             id="mainId_idXXX"
            >
          
          <a
               class="af_showOneAccordion_title-link"
               href="#"
               name="_idXXX"
               onclick="_submitPartialChange('formId',1, {partialTargets:'mainId', event:'show',source:'_idXXX'});return false;"
              >
            3
          </a>
        </div>
      </div>
<!--AttributeTest[onmouseout,null]-->

      <div
           class="af_showOneAccordion_container"
           id="mainId"
           onmouseout="test-onmouseout"
          >
        
        <div
             class="af_showOneAccordion_header-expanded"
             id="mainId_idXXX"
            >
          
          <a
               class="af_showOneAccordion_title-link"
               name="_idXXX"
              >
            1
          </a>
        </div>
        <table
             cellPadding="0"
             cellSpacing="0"
             class="af_showOneAccordion_content"
             summary=""
            >
          
          <tr
              >
            
            <td
                >
              
            </td>
          </tr>
        </table>
        <div
             class="af_showOneAccordion_header-collapsed"
             id="mainId_idXXX"
            >
          
          <a
               class="af_showOneAccordion_title-link"
               href="#"
               name="_idXXX"
               onclick="_submitPartialChange('formId',1, {partialTargets:'mainId', event:'show',source:'_idXXX'});return false;"
              >
            2
          </a>
        </div>
        <div
             class="af_showOneAccordion_header-collapsed"
             id="mainId_idXXX"
            >
          
          <a
               class="af_showOneAccordion_title-link"
               href="#"
               name="_idXXX"
               onclick="_submitPartialChange('formId',1, {partialTargets:'mainId', event:'show',source:'_idXXX'});return false;"
              >
            3
          </a>
        </div>
      </div>
<!--AttributeTest[onmouseover,null]-->

      <div
           class="af_showOneAccordion_container"
           id="mainId"
           onmouseover="test-onmouseover"
          >
        
        <div
             class="af_showOneAccordion_header-expanded"
             id="mainId_idXXX"
            >
          
          <a
               class="af_showOneAccordion_title-link"
               name="_idXXX"
              >
            1
          </a>
        </div>
        <table
             cellPadding="0"
             cellSpacing="0"
             class="af_showOneAccordion_content"
             summary=""
            >
          
          <tr
              >
            
            <td
                >
              
            </td>
          </tr>
        </table>
        <div
             class="af_showOneAccordion_header-collapsed"
             id="mainId_idXXX"
            >
          
          <a
               class="af_showOneAccordion_title-link"
               href="#"
               name="_idXXX"
               onclick="_submitPartialChange('formId',1, {partialTargets:'mainId', event:'show',source:'_idXXX'});return false;"
              >
            2
          </a>
        </div>
        <div
             class="af_showOneAccordion_header-collapsed"
             id="mainId_idXXX"
            >
          
          <a
               class="af_showOneAccordion_title-link"
               href="#"
               name="_idXXX"
               onclick="_submitPartialChange('formId',1, {partialTargets:'mainId', event:'show',source:'_idXXX'});return false;"
              >
            3
          </a>
        </div>
      </div>
<!--AttributeTest[onmouseup,null]-->

      <div
           class="af_showOneAccordion_container"
           id="mainId"
           onmouseup="test-onmouseup"
          >
        
        <div
             class="af_showOneAccordion_header-expanded"
             id="mainId_idXXX"
            >
          
          <a
               class="af_showOneAccordion_title-link"
               name="_idXXX"
              >
            1
          </a>
        </div>
        <table
             cellPadding="0"
             cellSpacing="0"
             class="af_showOneAccordion_content"
             summary=""
            >
          
          <tr
              >
            
            <td
                >
              
            </td>
          </tr>
        </table>
        <div
             class="af_showOneAccordion_header-collapsed"
             id="mainId_idXXX"
            >
          
          <a
               class="af_showOneAccordion_title-link"
               href="#"
               name="_idXXX"
               onclick="_submitPartialChange('formId',1, {partialTargets:'mainId', event:'show',source:'_idXXX'});return false;"
              >
            2
          </a>
        </div>
        <div
             class="af_showOneAccordion_header-collapsed"
             id="mainId_idXXX"
            >
          
          <a
               class="af_showOneAccordion_title-link"
               href="#"
               name="_idXXX"
               onclick="_submitPartialChange('formId',1, {partialTargets:'mainId', event:'show',source:'_idXXX'});return false;"
              >
            3
          </a>
        </div>
      </div>
<!--AttributeTest[id,null]-->

      <div
           class="af_showOneAccordion_container"
           id="test-id"
          >
        
        <div
             class="af_showOneAccordion_header-expanded"
             id="test-id_idXXX"
            >
          
          <a
               class="af_showOneAccordion_title-link"
               name="_idXXX"
              >
            1
          </a>
        </div>
        <table
             cellPadding="0"
             cellSpacing="0"
             class="af_showOneAccordion_content"
             summary=""
            >
          
          <tr
              >
            
            <td
                >
              
            </td>
          </tr>
        </table>
        <div
             class="af_showOneAccordion_header-collapsed"
             id="test-id_idXXX"
            >
          
          <a
               class="af_showOneAccordion_title-link"
               href="#"
               name="_idXXX"
               onclick="_submitPartialChange('formId',1, {partialTargets:'test-id', event:'show',source:'_idXXX'});return false;"
              >
            2
          </a>
        </div>
        <div
             class="af_showOneAccordion_header-collapsed"
             id="test-id_idXXX"
            >
          
          <a
               class="af_showOneAccordion_title-link"
               href="#"
               name="_idXXX"
               onclick="_submitPartialChange('formId',1, {partialTargets:'test-id', event:'show',source:'_idXXX'});return false;"
              >
            3
          </a>
        </div>
      </div>
<!--AttributeTest[shortDesc,null]-->

      <div
           class="af_showOneAccordion_container"
           id="mainId"
           title="test-shortDesc"
          >
        
        <div
             class="af_showOneAccordion_header-expanded"
             id="mainId_idXXX"
            >
          
          <a
               class="af_showOneAccordion_title-link"
               name="_idXXX"
              >
            1
          </a>
        </div>
        <table
             cellPadding="0"
             cellSpacing="0"
             class="af_showOneAccordion_content"
             summary=""
            >
          
          <tr
              >
            
            <td
                >
              
            </td>
          </tr>
        </table>
        <div
             class="af_showOneAccordion_header-collapsed"
             id="mainId_idXXX"
            >
          
          <a
               class="af_showOneAccordion_title-link"
               href="#"
               name="_idXXX"
               onclick="_submitPartialChange('formId',1, {partialTargets:'mainId', event:'show',source:'_idXXX'});return false;"
              >
            2
          </a>
        </div>
        <div
             class="af_showOneAccordion_header-collapsed"
             id="mainId_idXXX"
            >
          
          <a
               class="af_showOneAccordion_title-link"
               href="#"
               name="_idXXX"
               onclick="_submitPartialChange('formId',1, {partialTargets:'mainId', event:'show',source:'_idXXX'});return false;"
              >
            3
          </a>
        </div>
      </div>
<!--AttributeTest[styleClass,myStyleClass]-->

      <div
           class="af_showOneAccordion_container myStyleClass"
           id="mainId"
          >
        
        <div
             class="af_showOneAccordion_header-expanded"
             id="mainId_idXXX"
            >
          
          <a
               class="af_showOneAccordion_title-link"
               name="_idXXX"
              >
            1
          </a>
        </div>
        <table
             cellPadding="0"
             cellSpacing="0"
             class="af_showOneAccordion_content"
             summary=""
            >
          
          <tr
              >
            
            <td
                >
              
            </td>
          </tr>
        </table>
        <div
             class="af_showOneAccordion_header-collapsed"
             id="mainId_idXXX"
            >
          
          <a
               class="af_showOneAccordion_title-link"
               href="#"
               name="_idXXX"
               onclick="_submitPartialChange('formId',1, {partialTargets:'mainId', event:'show',source:'_idXXX'});return false;"
              >
            2
          </a>
        </div>
        <div
             class="af_showOneAccordion_header-collapsed"
             id="mainId_idXXX"
            >
          
          <a
               class="af_showOneAccordion_title-link"
               href="#"
               name="_idXXX"
               onclick="_submitPartialChange('formId',1, {partialTargets:'mainId', event:'show',source:'_idXXX'});return false;"
              >
            3
          </a>
        </div>
      </div>
<!--AttributeTest[inlineStyle,background-color:red;border:5px;]-->

      <div
           class="af_showOneAccordion_container"
           id="mainId"
           style="background-color:red;border:5px;"
          >
        
        <div
             class="af_showOneAccordion_header-expanded"
             id="mainId_idXXX"
            >
          
          <a
               class="af_showOneAccordion_title-link"
               name="_idXXX"
              >
            1
          </a>
        </div>
        <table
             cellPadding="0"
             cellSpacing="0"
             class="af_showOneAccordion_content"
             summary=""
            >
          
          <tr
              >
            
            <td
                >
              
            </td>
          </tr>
        </table>
        <div
             class="af_showOneAccordion_header-collapsed"
             id="mainId_idXXX"
            >
          
          <a
               class="af_showOneAccordion_title-link"
               href="#"
               name="_idXXX"
               onclick="_submitPartialChange('formId',1, {partialTargets:'mainId', event:'show',source:'_idXXX'});return false;"
              >
            2
          </a>
        </div>
        <div
             class="af_showOneAccordion_header-collapsed"
             id="mainId_idXXX"
            >
          
          <a
               class="af_showOneAccordion_title-link"
               href="#"
               name="_idXXX"
               onclick="_submitPartialChange('formId',1, {partialTargets:'mainId', event:'show',source:'_idXXX'});return false;"
              >
            3
          </a>
        </div>
      </div>
</results>
