<results>
      <table
           border="0"
           cellpadding="0"
           cellspacing="0"
           class="af_menuBar"
           id="mainId"
           width="100%"
          >
        
        <tr
            >
          
          <td
               class="af_menuBar_body"
              >
            
            <table
                 border="0"
                 cellpadding="0"
                 cellspacing="0"
                >
              
              <tr
                  >
                
                <td
                     class="af_menuBar_selected"
                    >
                  
                  <a
                       onclick="submitForm('formId',1,{source:'mainId:0:stamp'});return false;"
                       href="uri-attr:encoded-action-url:#"
                       id="uri-attr:mainId:0:stamp"
                       name="uri-attr:mainId:0:stamp"
                      >
                    First
                  </a>
                </td>
                <td
                     class="af_menuBar_separator"
                    >
                  &#xa0;| 
                </td>
                <td
                     class="af_menuBar_enabled"
                    >
                  
                  <a
                       onclick="submitForm('formId',1,{source:'mainId:1:stamp'});return false;"
                       href="uri-attr:encoded-action-url:#"
                       id="uri-attr:mainId:1:stamp"
                       name="uri-attr:mainId:1:stamp"
                      >
                    Second
                  </a>
                </td>
                <td
                     class="af_menuBar_separator"
                    >
                  &#xa0;| 
                </td>
                <td
                     class="af_menuBar_enabled"
                    >
                  
                  <a
                       onclick="submitForm('formId',1,{source:'mainId:2:stamp'});return false;"
                       href="uri-attr:encoded-action-url:#"
                       id="uri-attr:mainId:2:stamp"
                       name="uri-attr:mainId:2:stamp"
                      >
                    Third
                  </a>
                </td>
              </tr>
            </table>
          </td>
        </tr>
      </table>
<!--AttributeTest[id,myid]-->

      <table
           border="0"
           cellpadding="0"
           cellspacing="0"
           class="af_menuBar"
           id="myid"
           width="100%"
          >
        
        <tr
            >
          
          <td
               class="af_menuBar_body"
              >
            
            <table
                 border="0"
                 cellpadding="0"
                 cellspacing="0"
                >
              
              <tr
                  >
                
                <td
                     class="af_menuBar_selected"
                    >
                  
                  <a
                       onclick="submitForm('formId',1,{source:'myid:0:stamp'});return false;"
                       href="uri-attr:encoded-action-url:#"
                       id="uri-attr:myid:0:stamp"
                       name="uri-attr:myid:0:stamp"
                      >
                    First
                  </a>
                </td>
                <td
                     class="af_menuBar_separator"
                    >
                  &#xa0;| 
                </td>
                <td
                     class="af_menuBar_enabled"
                    >
                  
                  <a
                       onclick="submitForm('formId',1,{source:'myid:1:stamp'});return false;"
                       href="uri-attr:encoded-action-url:#"
                       id="uri-attr:myid:1:stamp"
                       name="uri-attr:myid:1:stamp"
                      >
                    Second
                  </a>
                </td>
                <td
                     class="af_menuBar_separator"
                    >
                  &#xa0;| 
                </td>
                <td
                     class="af_menuBar_enabled"
                    >
                  
                  <a
                       onclick="submitForm('formId',1,{source:'myid:2:stamp'});return false;"
                       href="uri-attr:encoded-action-url:#"
                       id="uri-attr:myid:2:stamp"
                       name="uri-attr:myid:2:stamp"
                      >
                    Third
                  </a>
                </td>
              </tr>
            </table>
          </td>
        </tr>
      </table>
<!--AttributeTest[shortDesc,my short desc]-->

      <table
           border="0"
           cellpadding="0"
           cellspacing="0"
           class="af_menuBar"
           id="mainId"
           title="my short desc"
           width="100%"
          >
        
        <tr
            >
          
          <td
               class="af_menuBar_body"
              >
            
            <table
                 border="0"
                 cellpadding="0"
                 cellspacing="0"
                >
              
              <tr
                  >
                
                <td
                     class="af_menuBar_selected"
                    >
                  
                  <a
                       onclick="submitForm('formId',1,{source:'mainId:0:stamp'});return false;"
                       href="uri-attr:encoded-action-url:#"
                       id="uri-attr:mainId:0:stamp"
                       name="uri-attr:mainId:0:stamp"
                      >
                    First
                  </a>
                </td>
                <td
                     class="af_menuBar_separator"
                    >
                  &#xa0;| 
                </td>
                <td
                     class="af_menuBar_enabled"
                    >
                  
                  <a
                       onclick="submitForm('formId',1,{source:'mainId:1:stamp'});return false;"
                       href="uri-attr:encoded-action-url:#"
                       id="uri-attr:mainId:1:stamp"
                       name="uri-attr:mainId:1:stamp"
                      >
                    Second
                  </a>
                </td>
                <td
                     class="af_menuBar_separator"
                    >
                  &#xa0;| 
                </td>
                <td
                     class="af_menuBar_enabled"
                    >
                  
                  <a
                       onclick="submitForm('formId',1,{source:'mainId:2:stamp'});return false;"
                       href="uri-attr:encoded-action-url:#"
                       id="uri-attr:mainId:2:stamp"
                       name="uri-attr:mainId:2:stamp"
                      >
                    Third
                  </a>
                </td>
              </tr>
            </table>
          </td>
        </tr>
      </table>
<!--AttributeTest[onclick,null]-->

      <table
           border="0"
           cellpadding="0"
           cellspacing="0"
           class="af_menuBar"
           id="mainId"
           onclick="test-onclick"
           width="100%"
          >
        
        <tr
            >
          
          <td
               class="af_menuBar_body"
              >
            
            <table
                 border="0"
                 cellpadding="0"
                 cellspacing="0"
                >
              
              <tr
                  >
                
                <td
                     class="af_menuBar_selected"
                    >
                  
                  <a
                       onclick="submitForm('formId',1,{source:'mainId:0:stamp'});return false;"
                       href="uri-attr:encoded-action-url:#"
                       id="uri-attr:mainId:0:stamp"
                       name="uri-attr:mainId:0:stamp"
                      >
                    First
                  </a>
                </td>
                <td
                     class="af_menuBar_separator"
                    >
                  &#xa0;| 
                </td>
                <td
                     class="af_menuBar_enabled"
                    >
                  
                  <a
                       onclick="submitForm('formId',1,{source:'mainId:1:stamp'});return false;"
                       href="uri-attr:encoded-action-url:#"
                       id="uri-attr:mainId:1:stamp"
                       name="uri-attr:mainId:1:stamp"
                      >
                    Second
                  </a>
                </td>
                <td
                     class="af_menuBar_separator"
                    >
                  &#xa0;| 
                </td>
                <td
                     class="af_menuBar_enabled"
                    >
                  
                  <a
                       onclick="submitForm('formId',1,{source:'mainId:2:stamp'});return false;"
                       href="uri-attr:encoded-action-url:#"
                       id="uri-attr:mainId:2:stamp"
                       name="uri-attr:mainId:2:stamp"
                      >
                    Third
                  </a>
                </td>
              </tr>
            </table>
          </td>
        </tr>
      </table>
<!--AttributeTest[ondblclick,null]-->

      <table
           border="0"
           cellpadding="0"
           cellspacing="0"
           class="af_menuBar"
           id="mainId"
           ondblclick="test-ondblclick"
           width="100%"
          >
        
        <tr
            >
          
          <td
               class="af_menuBar_body"
              >
            
            <table
                 border="0"
                 cellpadding="0"
                 cellspacing="0"
                >
              
              <tr
                  >
                
                <td
                     class="af_menuBar_selected"
                    >
                  
                  <a
                       onclick="submitForm('formId',1,{source:'mainId:0:stamp'});return false;"
                       href="uri-attr:encoded-action-url:#"
                       id="uri-attr:mainId:0:stamp"
                       name="uri-attr:mainId:0:stamp"
                      >
                    First
                  </a>
                </td>
                <td
                     class="af_menuBar_separator"
                    >
                  &#xa0;| 
                </td>
                <td
                     class="af_menuBar_enabled"
                    >
                  
                  <a
                       onclick="submitForm('formId',1,{source:'mainId:1:stamp'});return false;"
                       href="uri-attr:encoded-action-url:#"
                       id="uri-attr:mainId:1:stamp"
                       name="uri-attr:mainId:1:stamp"
                      >
                    Second
                  </a>
                </td>
                <td
                     class="af_menuBar_separator"
                    >
                  &#xa0;| 
                </td>
                <td
                     class="af_menuBar_enabled"
                    >
                  
                  <a
                       onclick="submitForm('formId',1,{source:'mainId:2:stamp'});return false;"
                       href="uri-attr:encoded-action-url:#"
                       id="uri-attr:mainId:2:stamp"
                       name="uri-attr:mainId:2:stamp"
                      >
                    Third
                  </a>
                </td>
              </tr>
            </table>
          </td>
        </tr>
      </table>
<!--AttributeTest[onkeydown,null]-->

      <table
           border="0"
           cellpadding="0"
           cellspacing="0"
           class="af_menuBar"
           id="mainId"
           onkeydown="test-onkeydown"
           width="100%"
          >
        
        <tr
            >
          
          <td
               class="af_menuBar_body"
              >
            
            <table
                 border="0"
                 cellpadding="0"
                 cellspacing="0"
                >
              
              <tr
                  >
                
                <td
                     class="af_menuBar_selected"
                    >
                  
                  <a
                       onclick="submitForm('formId',1,{source:'mainId:0:stamp'});return false;"
                       href="uri-attr:encoded-action-url:#"
                       id="uri-attr:mainId:0:stamp"
                       name="uri-attr:mainId:0:stamp"
                      >
                    First
                  </a>
                </td>
                <td
                     class="af_menuBar_separator"
                    >
                  &#xa0;| 
                </td>
                <td
                     class="af_menuBar_enabled"
                    >
                  
                  <a
                       onclick="submitForm('formId',1,{source:'mainId:1:stamp'});return false;"
                       href="uri-attr:encoded-action-url:#"
                       id="uri-attr:mainId:1:stamp"
                       name="uri-attr:mainId:1:stamp"
                      >
                    Second
                  </a>
                </td>
                <td
                     class="af_menuBar_separator"
                    >
                  &#xa0;| 
                </td>
                <td
                     class="af_menuBar_enabled"
                    >
                  
                  <a
                       onclick="submitForm('formId',1,{source:'mainId:2:stamp'});return false;"
                       href="uri-attr:encoded-action-url:#"
                       id="uri-attr:mainId:2:stamp"
                       name="uri-attr:mainId:2:stamp"
                      >
                    Third
                  </a>
                </td>
              </tr>
            </table>
          </td>
        </tr>
      </table>
<!--AttributeTest[onkeypress,null]-->

      <table
           border="0"
           cellpadding="0"
           cellspacing="0"
           class="af_menuBar"
           id="mainId"
           onkeypress="test-onkeypress"
           width="100%"
          >
        
        <tr
            >
          
          <td
               class="af_menuBar_body"
              >
            
            <table
                 border="0"
                 cellpadding="0"
                 cellspacing="0"
                >
              
              <tr
                  >
                
                <td
                     class="af_menuBar_selected"
                    >
                  
                  <a
                       onclick="submitForm('formId',1,{source:'mainId:0:stamp'});return false;"
                       href="uri-attr:encoded-action-url:#"
                       id="uri-attr:mainId:0:stamp"
                       name="uri-attr:mainId:0:stamp"
                      >
                    First
                  </a>
                </td>
                <td
                     class="af_menuBar_separator"
                    >
                  &#xa0;| 
                </td>
                <td
                     class="af_menuBar_enabled"
                    >
                  
                  <a
                       onclick="submitForm('formId',1,{source:'mainId:1:stamp'});return false;"
                       href="uri-attr:encoded-action-url:#"
                       id="uri-attr:mainId:1:stamp"
                       name="uri-attr:mainId:1:stamp"
                      >
                    Second
                  </a>
                </td>
                <td
                     class="af_menuBar_separator"
                    >
                  &#xa0;| 
                </td>
                <td
                     class="af_menuBar_enabled"
                    >
                  
                  <a
                       onclick="submitForm('formId',1,{source:'mainId:2:stamp'});return false;"
                       href="uri-attr:encoded-action-url:#"
                       id="uri-attr:mainId:2:stamp"
                       name="uri-attr:mainId:2:stamp"
                      >
                    Third
                  </a>
                </td>
              </tr>
            </table>
          </td>
        </tr>
      </table>
<!--AttributeTest[onkeyup,null]-->

      <table
           border="0"
           cellpadding="0"
           cellspacing="0"
           class="af_menuBar"
           id="mainId"
           onkeyup="test-onkeyup"
           width="100%"
          >
        
        <tr
            >
          
          <td
               class="af_menuBar_body"
              >
            
            <table
                 border="0"
                 cellpadding="0"
                 cellspacing="0"
                >
              
              <tr
                  >
                
                <td
                     class="af_menuBar_selected"
                    >
                  
                  <a
                       onclick="submitForm('formId',1,{source:'mainId:0:stamp'});return false;"
                       href="uri-attr:encoded-action-url:#"
                       id="uri-attr:mainId:0:stamp"
                       name="uri-attr:mainId:0:stamp"
                      >
                    First
                  </a>
                </td>
                <td
                     class="af_menuBar_separator"
                    >
                  &#xa0;| 
                </td>
                <td
                     class="af_menuBar_enabled"
                    >
                  
                  <a
                       onclick="submitForm('formId',1,{source:'mainId:1:stamp'});return false;"
                       href="uri-attr:encoded-action-url:#"
                       id="uri-attr:mainId:1:stamp"
                       name="uri-attr:mainId:1:stamp"
                      >
                    Second
                  </a>
                </td>
                <td
                     class="af_menuBar_separator"
                    >
                  &#xa0;| 
                </td>
                <td
                     class="af_menuBar_enabled"
                    >
                  
                  <a
                       onclick="submitForm('formId',1,{source:'mainId:2:stamp'});return false;"
                       href="uri-attr:encoded-action-url:#"
                       id="uri-attr:mainId:2:stamp"
                       name="uri-attr:mainId:2:stamp"
                      >
                    Third
                  </a>
                </td>
              </tr>
            </table>
          </td>
        </tr>
      </table>
<!--AttributeTest[onmousedown,null]-->

      <table
           border="0"
           cellpadding="0"
           cellspacing="0"
           class="af_menuBar"
           id="mainId"
           onmousedown="test-onmousedown"
           width="100%"
          >
        
        <tr
            >
          
          <td
               class="af_menuBar_body"
              >
            
            <table
                 border="0"
                 cellpadding="0"
                 cellspacing="0"
                >
              
              <tr
                  >
                
                <td
                     class="af_menuBar_selected"
                    >
                  
                  <a
                       onclick="submitForm('formId',1,{source:'mainId:0:stamp'});return false;"
                       href="uri-attr:encoded-action-url:#"
                       id="uri-attr:mainId:0:stamp"
                       name="uri-attr:mainId:0:stamp"
                      >
                    First
                  </a>
                </td>
                <td
                     class="af_menuBar_separator"
                    >
                  &#xa0;| 
                </td>
                <td
                     class="af_menuBar_enabled"
                    >
                  
                  <a
                       onclick="submitForm('formId',1,{source:'mainId:1:stamp'});return false;"
                       href="uri-attr:encoded-action-url:#"
                       id="uri-attr:mainId:1:stamp"
                       name="uri-attr:mainId:1:stamp"
                      >
                    Second
                  </a>
                </td>
                <td
                     class="af_menuBar_separator"
                    >
                  &#xa0;| 
                </td>
                <td
                     class="af_menuBar_enabled"
                    >
                  
                  <a
                       onclick="submitForm('formId',1,{source:'mainId:2:stamp'});return false;"
                       href="uri-attr:encoded-action-url:#"
                       id="uri-attr:mainId:2:stamp"
                       name="uri-attr:mainId:2:stamp"
                      >
                    Third
                  </a>
                </td>
              </tr>
            </table>
          </td>
        </tr>
      </table>
<!--AttributeTest[onmousemove,null]-->

      <table
           border="0"
           cellpadding="0"
           cellspacing="0"
           class="af_menuBar"
           id="mainId"
           onmousemove="test-onmousemove"
           width="100%"
          >
        
        <tr
            >
          
          <td
               class="af_menuBar_body"
              >
            
            <table
                 border="0"
                 cellpadding="0"
                 cellspacing="0"
                >
              
              <tr
                  >
                
                <td
                     class="af_menuBar_selected"
                    >
                  
                  <a
                       onclick="submitForm('formId',1,{source:'mainId:0:stamp'});return false;"
                       href="uri-attr:encoded-action-url:#"
                       id="uri-attr:mainId:0:stamp"
                       name="uri-attr:mainId:0:stamp"
                      >
                    First
                  </a>
                </td>
                <td
                     class="af_menuBar_separator"
                    >
                  &#xa0;| 
                </td>
                <td
                     class="af_menuBar_enabled"
                    >
                  
                  <a
                       onclick="submitForm('formId',1,{source:'mainId:1:stamp'});return false;"
                       href="uri-attr:encoded-action-url:#"
                       id="uri-attr:mainId:1:stamp"
                       name="uri-attr:mainId:1:stamp"
                      >
                    Second
                  </a>
                </td>
                <td
                     class="af_menuBar_separator"
                    >
                  &#xa0;| 
                </td>
                <td
                     class="af_menuBar_enabled"
                    >
                  
                  <a
                       onclick="submitForm('formId',1,{source:'mainId:2:stamp'});return false;"
                       href="uri-attr:encoded-action-url:#"
                       id="uri-attr:mainId:2:stamp"
                       name="uri-attr:mainId:2:stamp"
                      >
                    Third
                  </a>
                </td>
              </tr>
            </table>
          </td>
        </tr>
      </table>
<!--AttributeTest[onmouseout,null]-->

      <table
           border="0"
           cellpadding="0"
           cellspacing="0"
           class="af_menuBar"
           id="mainId"
           onmouseout="test-onmouseout"
           width="100%"
          >
        
        <tr
            >
          
          <td
               class="af_menuBar_body"
              >
            
            <table
                 border="0"
                 cellpadding="0"
                 cellspacing="0"
                >
              
              <tr
                  >
                
                <td
                     class="af_menuBar_selected"
                    >
                  
                  <a
                       onclick="submitForm('formId',1,{source:'mainId:0:stamp'});return false;"
                       href="uri-attr:encoded-action-url:#"
                       id="uri-attr:mainId:0:stamp"
                       name="uri-attr:mainId:0:stamp"
                      >
                    First
                  </a>
                </td>
                <td
                     class="af_menuBar_separator"
                    >
                  &#xa0;| 
                </td>
                <td
                     class="af_menuBar_enabled"
                    >
                  
                  <a
                       onclick="submitForm('formId',1,{source:'mainId:1:stamp'});return false;"
                       href="uri-attr:encoded-action-url:#"
                       id="uri-attr:mainId:1:stamp"
                       name="uri-attr:mainId:1:stamp"
                      >
                    Second
                  </a>
                </td>
                <td
                     class="af_menuBar_separator"
                    >
                  &#xa0;| 
                </td>
                <td
                     class="af_menuBar_enabled"
                    >
                  
                  <a
                       onclick="submitForm('formId',1,{source:'mainId:2:stamp'});return false;"
                       href="uri-attr:encoded-action-url:#"
                       id="uri-attr:mainId:2:stamp"
                       name="uri-attr:mainId:2:stamp"
                      >
                    Third
                  </a>
                </td>
              </tr>
            </table>
          </td>
        </tr>
      </table>
<!--AttributeTest[onmouseover,null]-->

      <table
           border="0"
           cellpadding="0"
           cellspacing="0"
           class="af_menuBar"
           id="mainId"
           onmouseover="test-onmouseover"
           width="100%"
          >
        
        <tr
            >
          
          <td
               class="af_menuBar_body"
              >
            
            <table
                 border="0"
                 cellpadding="0"
                 cellspacing="0"
                >
              
              <tr
                  >
                
                <td
                     class="af_menuBar_selected"
                    >
                  
                  <a
                       onclick="submitForm('formId',1,{source:'mainId:0:stamp'});return false;"
                       href="uri-attr:encoded-action-url:#"
                       id="uri-attr:mainId:0:stamp"
                       name="uri-attr:mainId:0:stamp"
                      >
                    First
                  </a>
                </td>
                <td
                     class="af_menuBar_separator"
                    >
                  &#xa0;| 
                </td>
                <td
                     class="af_menuBar_enabled"
                    >
                  
                  <a
                       onclick="submitForm('formId',1,{source:'mainId:1:stamp'});return false;"
                       href="uri-attr:encoded-action-url:#"
                       id="uri-attr:mainId:1:stamp"
                       name="uri-attr:mainId:1:stamp"
                      >
                    Second
                  </a>
                </td>
                <td
                     class="af_menuBar_separator"
                    >
                  &#xa0;| 
                </td>
                <td
                     class="af_menuBar_enabled"
                    >
                  
                  <a
                       onclick="submitForm('formId',1,{source:'mainId:2:stamp'});return false;"
                       href="uri-attr:encoded-action-url:#"
                       id="uri-attr:mainId:2:stamp"
                       name="uri-attr:mainId:2:stamp"
                      >
                    Third
                  </a>
                </td>
              </tr>
            </table>
          </td>
        </tr>
      </table>
<!--AttributeTest[onmouseup,null]-->

      <table
           border="0"
           cellpadding="0"
           cellspacing="0"
           class="af_menuBar"
           id="mainId"
           onmouseup="test-onmouseup"
           width="100%"
          >
        
        <tr
            >
          
          <td
               class="af_menuBar_body"
              >
            
            <table
                 border="0"
                 cellpadding="0"
                 cellspacing="0"
                >
              
              <tr
                  >
                
                <td
                     class="af_menuBar_selected"
                    >
                  
                  <a
                       onclick="submitForm('formId',1,{source:'mainId:0:stamp'});return false;"
                       href="uri-attr:encoded-action-url:#"
                       id="uri-attr:mainId:0:stamp"
                       name="uri-attr:mainId:0:stamp"
                      >
                    First
                  </a>
                </td>
                <td
                     class="af_menuBar_separator"
                    >
                  &#xa0;| 
                </td>
                <td
                     class="af_menuBar_enabled"
                    >
                  
                  <a
                       onclick="submitForm('formId',1,{source:'mainId:1:stamp'});return false;"
                       href="uri-attr:encoded-action-url:#"
                       id="uri-attr:mainId:1:stamp"
                       name="uri-attr:mainId:1:stamp"
                      >
                    Second
                  </a>
                </td>
                <td
                     class="af_menuBar_separator"
                    >
                  &#xa0;| 
                </td>
                <td
                     class="af_menuBar_enabled"
                    >
                  
                  <a
                       onclick="submitForm('formId',1,{source:'mainId:2:stamp'});return false;"
                       href="uri-attr:encoded-action-url:#"
                       id="uri-attr:mainId:2:stamp"
                       name="uri-attr:mainId:2:stamp"
                      >
                    Third
                  </a>
                </td>
              </tr>
            </table>
          </td>
        </tr>
      </table>
</results>
