<results>
      <table
           border="0"
           cellpadding="0"
           cellspacing="0"
           class="p_OraTabBar"
           id="mainId"
           summary=""
           width="100%"
          >
        
        <tr
            >
          
          <td
              >
            
            <span
                 class="af_menuTabs_selected"
                >
              
              <a
                   class="OraLink"
                   onclick="submitForm('formId',1,{source:'mainId:0:stamp'});return false;"
                   href="uri-attr:encoded-action-url:#"
                   id="uri-attr:mainId:0:stamp"
                   name="uri-attr:mainId:0:stamp"
                  >
                First
              </a>
            </span> | 
            <span
                 class="af_menuTabs_enabled"
                >
              
              <a
                   class="OraLink"
                   onclick="submitForm('formId',1,{source:'mainId:1:stamp'});return false;"
                   href="uri-attr:encoded-action-url:#"
                   id="uri-attr:mainId:1:stamp"
                   name="uri-attr:mainId:1:stamp"
                  >
                Second
              </a>
            </span> | 
            <span
                 class="af_menuTabs_enabled"
                >
              
              <a
                   class="OraLink"
                   onclick="submitForm('formId',1,{source:'mainId:2:stamp'});return false;"
                   href="uri-attr:encoded-action-url:#"
                   id="uri-attr:mainId:2:stamp"
                   name="uri-attr:mainId:2:stamp"
                  >
                Third
              </a>
            </span>
          </td>
        </tr>
      </table>
<!--AttributeTest[id,myid]-->

      <table
           border="0"
           cellpadding="0"
           cellspacing="0"
           class="p_OraTabBar"
           id="myid"
           summary=""
           width="100%"
          >
        
        <tr
            >
          
          <td
              >
            
            <span
                 class="af_menuTabs_selected"
                >
              
              <a
                   class="OraLink"
                   onclick="submitForm('formId',1,{source:'myid:0:stamp'});return false;"
                   href="uri-attr:encoded-action-url:#"
                   id="uri-attr:myid:0:stamp"
                   name="uri-attr:myid:0:stamp"
                  >
                First
              </a>
            </span> | 
            <span
                 class="af_menuTabs_enabled"
                >
              
              <a
                   class="OraLink"
                   onclick="submitForm('formId',1,{source:'myid:1:stamp'});return false;"
                   href="uri-attr:encoded-action-url:#"
                   id="uri-attr:myid:1:stamp"
                   name="uri-attr:myid:1:stamp"
                  >
                Second
              </a>
            </span> | 
            <span
                 class="af_menuTabs_enabled"
                >
              
              <a
                   class="OraLink"
                   onclick="submitForm('formId',1,{source:'myid:2:stamp'});return false;"
                   href="uri-attr:encoded-action-url:#"
                   id="uri-attr:myid:2:stamp"
                   name="uri-attr:myid:2:stamp"
                  >
                Third
              </a>
            </span>
          </td>
        </tr>
      </table>
<!--AttributeTest[shortDesc,my short desc]-->

      <table
           border="0"
           cellpadding="0"
           cellspacing="0"
           class="p_OraTabBar"
           id="mainId"
           summary=""
           title="my short desc"
           width="100%"
          >
        
        <tr
            >
          
          <td
              >
            
            <span
                 class="af_menuTabs_selected"
                >
              
              <a
                   class="OraLink"
                   onclick="submitForm('formId',1,{source:'mainId:0:stamp'});return false;"
                   href="uri-attr:encoded-action-url:#"
                   id="uri-attr:mainId:0:stamp"
                   name="uri-attr:mainId:0:stamp"
                  >
                First
              </a>
            </span> | 
            <span
                 class="af_menuTabs_enabled"
                >
              
              <a
                   class="OraLink"
                   onclick="submitForm('formId',1,{source:'mainId:1:stamp'});return false;"
                   href="uri-attr:encoded-action-url:#"
                   id="uri-attr:mainId:1:stamp"
                   name="uri-attr:mainId:1:stamp"
                  >
                Second
              </a>
            </span> | 
            <span
                 class="af_menuTabs_enabled"
                >
              
              <a
                   class="OraLink"
                   onclick="submitForm('formId',1,{source:'mainId:2:stamp'});return false;"
                   href="uri-attr:encoded-action-url:#"
                   id="uri-attr:mainId:2:stamp"
                   name="uri-attr:mainId:2:stamp"
                  >
                Third
              </a>
            </span>
          </td>
        </tr>
      </table>
<!--AttributeTest[onclick,null]-->

      <table
           border="0"
           cellpadding="0"
           cellspacing="0"
           class="p_OraTabBar"
           id="mainId"
           onclick="test-onclick"
           summary=""
           width="100%"
          >
        
        <tr
            >
          
          <td
              >
            
            <span
                 class="af_menuTabs_selected"
                >
              
              <a
                   class="OraLink"
                   onclick="submitForm('formId',1,{source:'mainId:0:stamp'});return false;"
                   href="uri-attr:encoded-action-url:#"
                   id="uri-attr:mainId:0:stamp"
                   name="uri-attr:mainId:0:stamp"
                  >
                First
              </a>
            </span> | 
            <span
                 class="af_menuTabs_enabled"
                >
              
              <a
                   class="OraLink"
                   onclick="submitForm('formId',1,{source:'mainId:1:stamp'});return false;"
                   href="uri-attr:encoded-action-url:#"
                   id="uri-attr:mainId:1:stamp"
                   name="uri-attr:mainId:1:stamp"
                  >
                Second
              </a>
            </span> | 
            <span
                 class="af_menuTabs_enabled"
                >
              
              <a
                   class="OraLink"
                   onclick="submitForm('formId',1,{source:'mainId:2:stamp'});return false;"
                   href="uri-attr:encoded-action-url:#"
                   id="uri-attr:mainId:2:stamp"
                   name="uri-attr:mainId:2:stamp"
                  >
                Third
              </a>
            </span>
          </td>
        </tr>
      </table>
<!--AttributeTest[ondblclick,null]-->

      <table
           border="0"
           cellpadding="0"
           cellspacing="0"
           class="p_OraTabBar"
           id="mainId"
           ondblclick="test-ondblclick"
           summary=""
           width="100%"
          >
        
        <tr
            >
          
          <td
              >
            
            <span
                 class="af_menuTabs_selected"
                >
              
              <a
                   class="OraLink"
                   onclick="submitForm('formId',1,{source:'mainId:0:stamp'});return false;"
                   href="uri-attr:encoded-action-url:#"
                   id="uri-attr:mainId:0:stamp"
                   name="uri-attr:mainId:0:stamp"
                  >
                First
              </a>
            </span> | 
            <span
                 class="af_menuTabs_enabled"
                >
              
              <a
                   class="OraLink"
                   onclick="submitForm('formId',1,{source:'mainId:1:stamp'});return false;"
                   href="uri-attr:encoded-action-url:#"
                   id="uri-attr:mainId:1:stamp"
                   name="uri-attr:mainId:1:stamp"
                  >
                Second
              </a>
            </span> | 
            <span
                 class="af_menuTabs_enabled"
                >
              
              <a
                   class="OraLink"
                   onclick="submitForm('formId',1,{source:'mainId:2:stamp'});return false;"
                   href="uri-attr:encoded-action-url:#"
                   id="uri-attr:mainId:2:stamp"
                   name="uri-attr:mainId:2:stamp"
                  >
                Third
              </a>
            </span>
          </td>
        </tr>
      </table>
<!--AttributeTest[onkeydown,null]-->

      <table
           border="0"
           cellpadding="0"
           cellspacing="0"
           class="p_OraTabBar"
           id="mainId"
           onkeydown="test-onkeydown"
           summary=""
           width="100%"
          >
        
        <tr
            >
          
          <td
              >
            
            <span
                 class="af_menuTabs_selected"
                >
              
              <a
                   class="OraLink"
                   onclick="submitForm('formId',1,{source:'mainId:0:stamp'});return false;"
                   href="uri-attr:encoded-action-url:#"
                   id="uri-attr:mainId:0:stamp"
                   name="uri-attr:mainId:0:stamp"
                  >
                First
              </a>
            </span> | 
            <span
                 class="af_menuTabs_enabled"
                >
              
              <a
                   class="OraLink"
                   onclick="submitForm('formId',1,{source:'mainId:1:stamp'});return false;"
                   href="uri-attr:encoded-action-url:#"
                   id="uri-attr:mainId:1:stamp"
                   name="uri-attr:mainId:1:stamp"
                  >
                Second
              </a>
            </span> | 
            <span
                 class="af_menuTabs_enabled"
                >
              
              <a
                   class="OraLink"
                   onclick="submitForm('formId',1,{source:'mainId:2:stamp'});return false;"
                   href="uri-attr:encoded-action-url:#"
                   id="uri-attr:mainId:2:stamp"
                   name="uri-attr:mainId:2:stamp"
                  >
                Third
              </a>
            </span>
          </td>
        </tr>
      </table>
<!--AttributeTest[onkeypress,null]-->

      <table
           border="0"
           cellpadding="0"
           cellspacing="0"
           class="p_OraTabBar"
           id="mainId"
           onkeypress="test-onkeypress"
           summary=""
           width="100%"
          >
        
        <tr
            >
          
          <td
              >
            
            <span
                 class="af_menuTabs_selected"
                >
              
              <a
                   class="OraLink"
                   onclick="submitForm('formId',1,{source:'mainId:0:stamp'});return false;"
                   href="uri-attr:encoded-action-url:#"
                   id="uri-attr:mainId:0:stamp"
                   name="uri-attr:mainId:0:stamp"
                  >
                First
              </a>
            </span> | 
            <span
                 class="af_menuTabs_enabled"
                >
              
              <a
                   class="OraLink"
                   onclick="submitForm('formId',1,{source:'mainId:1:stamp'});return false;"
                   href="uri-attr:encoded-action-url:#"
                   id="uri-attr:mainId:1:stamp"
                   name="uri-attr:mainId:1:stamp"
                  >
                Second
              </a>
            </span> | 
            <span
                 class="af_menuTabs_enabled"
                >
              
              <a
                   class="OraLink"
                   onclick="submitForm('formId',1,{source:'mainId:2:stamp'});return false;"
                   href="uri-attr:encoded-action-url:#"
                   id="uri-attr:mainId:2:stamp"
                   name="uri-attr:mainId:2:stamp"
                  >
                Third
              </a>
            </span>
          </td>
        </tr>
      </table>
<!--AttributeTest[onkeyup,null]-->

      <table
           border="0"
           cellpadding="0"
           cellspacing="0"
           class="p_OraTabBar"
           id="mainId"
           onkeyup="test-onkeyup"
           summary=""
           width="100%"
          >
        
        <tr
            >
          
          <td
              >
            
            <span
                 class="af_menuTabs_selected"
                >
              
              <a
                   class="OraLink"
                   onclick="submitForm('formId',1,{source:'mainId:0:stamp'});return false;"
                   href="uri-attr:encoded-action-url:#"
                   id="uri-attr:mainId:0:stamp"
                   name="uri-attr:mainId:0:stamp"
                  >
                First
              </a>
            </span> | 
            <span
                 class="af_menuTabs_enabled"
                >
              
              <a
                   class="OraLink"
                   onclick="submitForm('formId',1,{source:'mainId:1:stamp'});return false;"
                   href="uri-attr:encoded-action-url:#"
                   id="uri-attr:mainId:1:stamp"
                   name="uri-attr:mainId:1:stamp"
                  >
                Second
              </a>
            </span> | 
            <span
                 class="af_menuTabs_enabled"
                >
              
              <a
                   class="OraLink"
                   onclick="submitForm('formId',1,{source:'mainId:2:stamp'});return false;"
                   href="uri-attr:encoded-action-url:#"
                   id="uri-attr:mainId:2:stamp"
                   name="uri-attr:mainId:2:stamp"
                  >
                Third
              </a>
            </span>
          </td>
        </tr>
      </table>
<!--AttributeTest[onmousedown,null]-->

      <table
           border="0"
           cellpadding="0"
           cellspacing="0"
           class="p_OraTabBar"
           id="mainId"
           onmousedown="test-onmousedown"
           summary=""
           width="100%"
          >
        
        <tr
            >
          
          <td
              >
            
            <span
                 class="af_menuTabs_selected"
                >
              
              <a
                   class="OraLink"
                   onclick="submitForm('formId',1,{source:'mainId:0:stamp'});return false;"
                   href="uri-attr:encoded-action-url:#"
                   id="uri-attr:mainId:0:stamp"
                   name="uri-attr:mainId:0:stamp"
                  >
                First
              </a>
            </span> | 
            <span
                 class="af_menuTabs_enabled"
                >
              
              <a
                   class="OraLink"
                   onclick="submitForm('formId',1,{source:'mainId:1:stamp'});return false;"
                   href="uri-attr:encoded-action-url:#"
                   id="uri-attr:mainId:1:stamp"
                   name="uri-attr:mainId:1:stamp"
                  >
                Second
              </a>
            </span> | 
            <span
                 class="af_menuTabs_enabled"
                >
              
              <a
                   class="OraLink"
                   onclick="submitForm('formId',1,{source:'mainId:2:stamp'});return false;"
                   href="uri-attr:encoded-action-url:#"
                   id="uri-attr:mainId:2:stamp"
                   name="uri-attr:mainId:2:stamp"
                  >
                Third
              </a>
            </span>
          </td>
        </tr>
      </table>
<!--AttributeTest[onmousemove,null]-->

      <table
           border="0"
           cellpadding="0"
           cellspacing="0"
           class="p_OraTabBar"
           id="mainId"
           onmousemove="test-onmousemove"
           summary=""
           width="100%"
          >
        
        <tr
            >
          
          <td
              >
            
            <span
                 class="af_menuTabs_selected"
                >
              
              <a
                   class="OraLink"
                   onclick="submitForm('formId',1,{source:'mainId:0:stamp'});return false;"
                   href="uri-attr:encoded-action-url:#"
                   id="uri-attr:mainId:0:stamp"
                   name="uri-attr:mainId:0:stamp"
                  >
                First
              </a>
            </span> | 
            <span
                 class="af_menuTabs_enabled"
                >
              
              <a
                   class="OraLink"
                   onclick="submitForm('formId',1,{source:'mainId:1:stamp'});return false;"
                   href="uri-attr:encoded-action-url:#"
                   id="uri-attr:mainId:1:stamp"
                   name="uri-attr:mainId:1:stamp"
                  >
                Second
              </a>
            </span> | 
            <span
                 class="af_menuTabs_enabled"
                >
              
              <a
                   class="OraLink"
                   onclick="submitForm('formId',1,{source:'mainId:2:stamp'});return false;"
                   href="uri-attr:encoded-action-url:#"
                   id="uri-attr:mainId:2:stamp"
                   name="uri-attr:mainId:2:stamp"
                  >
                Third
              </a>
            </span>
          </td>
        </tr>
      </table>
<!--AttributeTest[onmouseout,null]-->

      <table
           border="0"
           cellpadding="0"
           cellspacing="0"
           class="p_OraTabBar"
           id="mainId"
           onmouseout="test-onmouseout"
           summary=""
           width="100%"
          >
        
        <tr
            >
          
          <td
              >
            
            <span
                 class="af_menuTabs_selected"
                >
              
              <a
                   class="OraLink"
                   onclick="submitForm('formId',1,{source:'mainId:0:stamp'});return false;"
                   href="uri-attr:encoded-action-url:#"
                   id="uri-attr:mainId:0:stamp"
                   name="uri-attr:mainId:0:stamp"
                  >
                First
              </a>
            </span> | 
            <span
                 class="af_menuTabs_enabled"
                >
              
              <a
                   class="OraLink"
                   onclick="submitForm('formId',1,{source:'mainId:1:stamp'});return false;"
                   href="uri-attr:encoded-action-url:#"
                   id="uri-attr:mainId:1:stamp"
                   name="uri-attr:mainId:1:stamp"
                  >
                Second
              </a>
            </span> | 
            <span
                 class="af_menuTabs_enabled"
                >
              
              <a
                   class="OraLink"
                   onclick="submitForm('formId',1,{source:'mainId:2:stamp'});return false;"
                   href="uri-attr:encoded-action-url:#"
                   id="uri-attr:mainId:2:stamp"
                   name="uri-attr:mainId:2:stamp"
                  >
                Third
              </a>
            </span>
          </td>
        </tr>
      </table>
<!--AttributeTest[onmouseover,null]-->

      <table
           border="0"
           cellpadding="0"
           cellspacing="0"
           class="p_OraTabBar"
           id="mainId"
           onmouseover="test-onmouseover"
           summary=""
           width="100%"
          >
        
        <tr
            >
          
          <td
              >
            
            <span
                 class="af_menuTabs_selected"
                >
              
              <a
                   class="OraLink"
                   onclick="submitForm('formId',1,{source:'mainId:0:stamp'});return false;"
                   href="uri-attr:encoded-action-url:#"
                   id="uri-attr:mainId:0:stamp"
                   name="uri-attr:mainId:0:stamp"
                  >
                First
              </a>
            </span> | 
            <span
                 class="af_menuTabs_enabled"
                >
              
              <a
                   class="OraLink"
                   onclick="submitForm('formId',1,{source:'mainId:1:stamp'});return false;"
                   href="uri-attr:encoded-action-url:#"
                   id="uri-attr:mainId:1:stamp"
                   name="uri-attr:mainId:1:stamp"
                  >
                Second
              </a>
            </span> | 
            <span
                 class="af_menuTabs_enabled"
                >
              
              <a
                   class="OraLink"
                   onclick="submitForm('formId',1,{source:'mainId:2:stamp'});return false;"
                   href="uri-attr:encoded-action-url:#"
                   id="uri-attr:mainId:2:stamp"
                   name="uri-attr:mainId:2:stamp"
                  >
                Third
              </a>
            </span>
          </td>
        </tr>
      </table>
<!--AttributeTest[onmouseup,null]-->

      <table
           border="0"
           cellpadding="0"
           cellspacing="0"
           class="p_OraTabBar"
           id="mainId"
           onmouseup="test-onmouseup"
           summary=""
           width="100%"
          >
        
        <tr
            >
          
          <td
              >
            
            <span
                 class="af_menuTabs_selected"
                >
              
              <a
                   class="OraLink"
                   onclick="submitForm('formId',1,{source:'mainId:0:stamp'});return false;"
                   href="uri-attr:encoded-action-url:#"
                   id="uri-attr:mainId:0:stamp"
                   name="uri-attr:mainId:0:stamp"
                  >
                First
              </a>
            </span> | 
            <span
                 class="af_menuTabs_enabled"
                >
              
              <a
                   class="OraLink"
                   onclick="submitForm('formId',1,{source:'mainId:1:stamp'});return false;"
                   href="uri-attr:encoded-action-url:#"
                   id="uri-attr:mainId:1:stamp"
                   name="uri-attr:mainId:1:stamp"
                  >
                Second
              </a>
            </span> | 
            <span
                 class="af_menuTabs_enabled"
                >
              
              <a
                   class="OraLink"
                   onclick="submitForm('formId',1,{source:'mainId:2:stamp'});return false;"
                   href="uri-attr:encoded-action-url:#"
                   id="uri-attr:mainId:2:stamp"
                   name="uri-attr:mainId:2:stamp"
                  >
                Third
              </a>
            </span>
          </td>
        </tr>
      </table>
</results>
