<test xmlns="http://myfaces.apache.org/adf/view/faces/test"
       xmlns:af="http://myfaces.apache.org/adf/view/faces">
  <base-component af:type="org.apache.myfaces.trinidad.CorePanelBox">
  <component af:type="org.apache.myfaces.trinidad.CorePanelGroup">
    <component af:type="org.apache.myfaces.trinidad.CoreGoLink" text="link 1" destination="http://www.oracle.com"/>
    <component af:type="org.apache.myfaces.trinidad.CoreGoLink" text="link 2" destination="http://www.oracle.com"/>
    <component af:type="org.apache.myfaces.trinidad.CoreGoLink" text="link 3" destination="http://www.oracle.com"/>
  </component>
  </base-component>
  <attribute-test name="text"/>
  <enum-test name="background"/>
  <attribute-test name="width" value="50%"/>
  <attribute-test name="icon" value="http://bogus/icon/uri"/>
</test>
